<html>
<body>
<pre>
<h1>礦ision Build Log</h1>
<h2>Tool Versions:</h2>
IDE-Version: μVision V5.20.0.39
Copyright (C) 2016 ARM Ltd and ARM Germany GmbH. All rights reserved.
License Information: john smith, Microsoft, LIC=47GJJ-UPDTB-2LUCT-RGV3R-25WIV-QAT1L
 
Tool Versions:
Toolchain:       MDK-ARM Plus  Version: 5.24.1
Toolchain Path:  D:\keil MDK\ARM\ARMCC\Bin
C Compiler:      Armcc.exe V5.06 update 5 (build 528)
Assembler:       Armasm.exe V5.06 update 5 (build 528)
Linker/Locator:  ArmLink.exe V5.06 update 5 (build 528)
Library Manager: ArmAr.exe V5.06 update 5 (build 528)
Hex Converter:   FromElf.exe V5.06 update 5 (build 528)
CPU DLL:         SARMCM3.DLL V5.24.1
Dialog DLL:      DCM.DLL V1.16.0.0
Target DLL:      UL2CM3.DLL V1.160.3.0
Dialog DLL:      TCM.DLL V1.32.0.0
 
<h2>Project:</h2>
G:\STM32 模块程序\STM32F1 template\project\template.uvprojx
Project File Date:  09/13/2019

<h2>Output:</h2>
*** Using Compiler 'V5.06 update 5 (build 528)', folder: 'D:\keil MDK\ARM\ARMCC\Bin'
Build target 'Template'
compiling delay.c...
linking...
Program Size: Code=1712 RO-data=336 RW-data=44 ZI-data=3684  
FromELF: creating hex file...
".\template.axf" - 0 Error(s), 0 Warning(s).

<h2>Collection of Component include folders:</h2>
  G:\STM32 模块程序\STM32F1 template\project\RTE
  D:\keil MDK\ARM\PACK\Keil\STM32F1xx_DFP\2.2.0\Device\Include

<h2>Collection of Component Files used:</h2>
Build Time Elapsed:  00:00:02
</pre>
</body>
</html>
