Component: ARM Compiler 5.06 update 5 (build 528) Tool: armlink [4d35e2]

==============================================================================

Section Cross References

    main.o(i.main) refers to misc.o(i.NVIC_PriorityGroupConfig) for NVIC_PriorityGroupConfig
    main.o(i.main) refers to usart.o(i.USART1_Configuration) for USART1_Configuration
    main.o(i.main) refers to sys.o(i.Systick_Init) for Systick_Init
    main.o(i.main) refers to os_core.o(i.OSInit) for OSInit
    main.o(i.main) refers to os_task.o(i.OSTaskCreate) for OSTaskCreate
    main.o(i.main) refers to os_core.o(i.OSStart) for OSStart
    main.o(i.main) refers to task.o(.bss) for START_TASK_STK
    main.o(i.main) refers to task.o(i.start_task) for start_task
    task.o(i.bmp180_task) refers to _printf_percent.o(.ARM.Collect$$_printf_percent$$00000000) for _printf_percent
    task.o(i.bmp180_task) refers to _printf_f.o(.ARM.Collect$$_printf_percent$$00000003) for _printf_f
    task.o(i.bmp180_task) refers to printf1.o(x$fpl$printf1) for _printf_fp_dec
    task.o(i.bmp180_task) refers to _printf_d.o(.ARM.Collect$$_printf_percent$$00000009) for _printf_d
    task.o(i.bmp180_task) refers to _printf_dec.o(.text) for _printf_int_dec
    task.o(i.bmp180_task) refers to i2c_bmp180.o(i.BMP180_GPIO_Init) for BMP180_GPIO_Init
    task.o(i.bmp180_task) refers to bmp180.o(i.bmp180_init) for bmp180_init
    task.o(i.bmp180_task) refers to noretval__2printf.o(.text) for __2printf
    task.o(i.bmp180_task) refers to bmp180.o(i.bmp180_get_cal_param) for bmp180_get_cal_param
    task.o(i.bmp180_task) refers to bmp180.o(i.bmp180_get_ut) for bmp180_get_ut
    task.o(i.bmp180_task) refers to bmp180.o(i.bmp180_get_temperature) for bmp180_get_temperature
    task.o(i.bmp180_task) refers to dflt_clz.o(x$fpl$dflt) for __aeabi_i2d
    task.o(i.bmp180_task) refers to dmul.o(x$fpl$dmul) for __aeabi_dmul
    task.o(i.bmp180_task) refers to bmp180.o(i.bmp180_get_up) for bmp180_get_up
    task.o(i.bmp180_task) refers to bmp180.o(i.bmp180_get_pressure) for bmp180_get_pressure
    task.o(i.bmp180_task) refers to ddiv.o(x$fpl$ddiv) for __aeabi_ddiv
    task.o(i.bmp180_task) refers to pow.o(i.pow) for pow
    task.o(i.bmp180_task) refers to daddsub_clz.o(x$fpl$drsb) for __aeabi_drsub
    task.o(i.bmp180_task) refers to d2f.o(x$fpl$d2f) for __aeabi_d2f
    task.o(i.bmp180_task) refers to f2d.o(x$fpl$f2d) for __aeabi_f2d
    task.o(i.bmp180_task) refers to delay.o(i.Delay1ms) for Delay1ms
    task.o(i.bmp180_task) refers to i2c_bmp180.o(i.BMP180_I2C_bus_read) for BMP180_I2C_bus_read
    task.o(i.bmp180_task) refers to i2c_bmp180.o(i.BMP180_I2C_bus_write) for BMP180_I2C_bus_write
    task.o(i.bmp180_task) refers to i2c_bmp180.o(i.BMP180_delay_msek) for BMP180_delay_msek
    task.o(i.bmp280_task) refers to _printf_percent.o(.ARM.Collect$$_printf_percent$$00000000) for _printf_percent
    task.o(i.bmp280_task) refers to _printf_x.o(.ARM.Collect$$_printf_percent$$0000000C) for _printf_x
    task.o(i.bmp280_task) refers to _printf_hex_int.o(.text) for _printf_longlong_hex
    task.o(i.bmp280_task) refers to _printf_d.o(.ARM.Collect$$_printf_percent$$00000009) for _printf_d
    task.o(i.bmp280_task) refers to _printf_f.o(.ARM.Collect$$_printf_percent$$00000003) for _printf_f
    task.o(i.bmp280_task) refers to _printf_dec.o(.text) for _printf_int_dec
    task.o(i.bmp280_task) refers to printf1.o(x$fpl$printf1) for _printf_fp_dec
    task.o(i.bmp280_task) refers to bmp280.o(i.bmp280_init) for bmp280_init
    task.o(i.bmp280_task) refers to noretval__2printf.o(.text) for __2printf
    task.o(i.bmp280_task) refers to bmp280.o(i.bmp280_get_config) for bmp280_get_config
    task.o(i.bmp280_task) refers to bmp280.o(i.bmp280_set_config) for bmp280_set_config
    task.o(i.bmp280_task) refers to bmp280.o(i.bmp280_set_power_mode) for bmp280_set_power_mode
    task.o(i.bmp280_task) refers to bmp280.o(i.bmp280_compute_meas_time) for bmp280_compute_meas_time
    task.o(i.bmp280_task) refers to bmp280.o(i.bmp280_get_uncomp_data) for bmp280_get_uncomp_data
    task.o(i.bmp280_task) refers to bmp280.o(i.bmp280_comp_temp_32bit) for bmp280_comp_temp_32bit
    task.o(i.bmp280_task) refers to bmp280.o(i.bmp280_comp_pres_32bit) for bmp280_comp_pres_32bit
    task.o(i.bmp280_task) refers to bmp280.o(i.bmp280_comp_temp_double) for bmp280_comp_temp_double
    task.o(i.bmp280_task) refers to bmp280.o(i.bmp280_comp_pres_double) for bmp280_comp_pres_double
    task.o(i.bmp280_task) refers to i2c_bmp280.o(i.BMP280_I2C_bus_read) for BMP280_I2C_bus_read
    task.o(i.bmp280_task) refers to i2c_bmp280.o(i.BMP280_I2C_bus_write) for BMP280_I2C_bus_write
    task.o(i.bmp280_task) refers to i2c_bmp280.o(i.BMP280_delay_msek) for BMP280_delay_msek
    task.o(i.start_task) refers to os_core.o(i.OSStatInit) for OSStatInit
    task.o(i.start_task) refers to os_cpu_a.o(.text) for OS_CPU_SR_Save
    task.o(i.start_task) refers to os_task.o(i.OSTaskCreate) for OSTaskCreate
[...]
    i.BMP180_I2C_bus_write                   0x08001584   Section        0  i2c_bmp180.o(i.BMP180_I2C_bus_write)
    i.BMP180_delay_msek                      0x080015dc   Section        0  i2c_bmp180.o(i.BMP180_delay_msek)
    i.BusFault_Handler                       0x080015e8   Section        0  stm32f10x_it.o(i.BusFault_Handler)
    i.DebugMon_Handler                       0x080015ec   Section        0  stm32f10x_it.o(i.DebugMon_Handler)
    i.Delay1ms                               0x080015f0   Section        0  delay.o(i.Delay1ms)
    i.Delay1us                               0x08001634   Section        0  delay.o(i.Delay1us)
    i.EXTI15_10_IRQHandler                   0x08001678   Section        0  stm32f10x_it.o(i.EXTI15_10_IRQHandler)
    i.GPIO_Init                              0x0800167a   Section        0  stm32f10x_gpio.o(i.GPIO_Init)
    i.GPIO_ReadInputDataBit                  0x08001790   Section        0  stm32f10x_gpio.o(i.GPIO_ReadInputDataBit)
    i.GPIO_ResetBits                         0x080017a2   Section        0  stm32f10x_gpio.o(i.GPIO_ResetBits)
    i.GPIO_SetBits                           0x080017a6   Section        0  stm32f10x_gpio.o(i.GPIO_SetBits)
    i.HardFault_Handler                      0x080017aa   Section        0  stm32f10x_it.o(i.HardFault_Handler)
    i.I2C_BMP180_CPUReadData                 0x080017b0   Section        0  i2c_bmp180.o(i.I2C_BMP180_CPUReadData)
    I2C_BMP180_CPUReadData                   0x080017b1   Thumb Code    94  i2c_bmp180.o(i.I2C_BMP180_CPUReadData)
    i.I2C_BMP180_CPUSendData                 0x08001814   Section        0  i2c_bmp180.o(i.I2C_BMP180_CPUSendData)
    I2C_BMP180_CPUSendData                   0x08001815   Thumb Code    80  i2c_bmp180.o(i.I2C_BMP180_CPUSendData)
    i.I2C_BMP180_CPUTransAck                 0x08001868   Section        0  i2c_bmp180.o(i.I2C_BMP180_CPUTransAck)
    I2C_BMP180_CPUTransAck                   0x08001869   Thumb Code    46  i2c_bmp180.o(i.I2C_BMP180_CPUTransAck)
    i.I2C_BMP180_CPUTransNoAck               0x0800189c   Section        0  i2c_bmp180.o(i.I2C_BMP180_CPUTransNoAck)
    I2C_BMP180_CPUTransNoAck                 0x0800189d   Thumb Code    46  i2c_bmp180.o(i.I2C_BMP180_CPUTransNoAck)
    i.I2C_BMP180_CPUWaitAck                  0x080018d0   Section        0  i2c_bmp180.o(i.I2C_BMP180_CPUWaitAck)
    I2C_BMP180_CPUWaitAck                    0x080018d1   Thumb Code    80  i2c_bmp180.o(i.I2C_BMP180_CPUWaitAck)
    i.I2C_BMP180_Start                       0x08001924   Section        0  i2c_bmp180.o(i.I2C_BMP180_Start)
    I2C_BMP180_Start                         0x08001925   Thumb Code    60  i2c_bmp180.o(i.I2C_BMP180_Start)
    i.I2C_BMP180_Stop                        0x08001964   Section        0  i2c_bmp180.o(i.I2C_BMP180_Stop)
    I2C_BMP180_Stop                          0x08001965   Thumb Code    46  i2c_bmp180.o(i.I2C_BMP180_Stop)
    i.MemManage_Handler                      0x08001998   Section        0  stm32f10x_it.o(i.MemManage_Handler)
    i.NMI_Handler                            0x0800199c   Section        0  stm32f10x_it.o(i.NMI_Handler)
    i.NVIC_PriorityGroupConfig               0x080019a0   Section        0  misc.o(i.NVIC_PriorityGroupConfig)
    i.OSDebugInit                            0x080019b4   Section        0  os_dbg.o(i.OSDebugInit)
    i.OSInit                                 0x08001acc   Section        0  os_core.o(i.OSInit)
    i.OSInitHookBegin                        0x08001b00   Section        0  os_cpu_c.o(i.OSInitHookBegin)
    i.OSInitHookEnd                          0x08001b02   Section        0  os_cpu_c.o(i.OSInitHookEnd)
    i.OSStart                                0x08001b04   Section        0  os_core.o(i.OSStart)
    i.OSStatInit                             0x08001b4c   Section        0  os_core.o(i.OSStatInit)
    i.OSTCBInitHook                          0x08001b98   Section        0  os_cpu_c.o(i.OSTCBInitHook)
    i.OSTaskCreate                           0x08001b9c   Section        0  os_task.o(i.OSTaskCreate)
    i.OSTaskCreateExt                        0x08001c44   Section        0  os_task.o(i.OSTaskCreateExt)
    i.OSTaskCreateHook                       0x08001d04   Section        0  os_cpu_c.o(i.OSTaskCreateHook)
    i.OSTaskDel                              0x08001d08   Section        0  os_task.o(i.OSTaskDel)
    i.OSTaskDelHook                          0x08001e74   Section        0  os_cpu_c.o(i.OSTaskDelHook)
    i.OSTaskDelReq                           0x08001e78   Section        0  os_task.o(i.OSTaskDelReq)
    i.OSTaskIdleHook                         0x08001ef0   Section        0  os_cpu_c.o(i.OSTaskIdleHook)
    i.OSTaskNameSet                          0x08001ef4   Section        0  os_task.o(i.OSTaskNameSet)
    i.OSTaskStatHook                         0x08001f78   Section        0  os_cpu_c.o(i.OSTaskStatHook)
    i.OSTaskStkChk                           0x08001f7c   Section        0  os_task.o(i.OSTaskStkChk)
    i.OSTaskStkInit                          0x0800201c   Section        0  os_cpu_c.o(i.OSTaskStkInit)
    i.OSTaskSuspend                          0x080020b8   Section        0  os_task.o(i.OSTaskSuspend)
    i.OSTaskSwHook                           0x08002174   Section        0  os_cpu_c.o(i.OSTaskSwHook)
    i.OSTimeDly                              0x08002178   Section        0  os_time.o(i.OSTimeDly)
    i.OSTimeTick                             0x080021f0   Section        0  os_core.o(i.OSTimeTick)
    i.OSTimeTickHook                         0x080022dc   Section        0  os_cpu_c.o(i.OSTimeTickHook)
    i.OS_Dummy                               0x080022de   Section        0  os_core.o(i.OS_Dummy)
    i.OS_EventTaskRemove                     0x080022e0   Section        0  os_core.o(i.OS_EventTaskRemove)
    i.OS_EventTaskRemoveMulti                0x0800230a   Section        0  os_core.o(i.OS_EventTaskRemoveMulti)
    i.OS_FlagInit                            0x08002344   Section        0  os_flag.o(i.OS_FlagInit)
    i.OS_FlagUnlink                          0x0800239c   Section        0  os_flag.o(i.OS_FlagUnlink)
    i.OS_InitEventList                       0x080023c0   Section        0  os_core.o(i.OS_InitEventList)
    OS_InitEventList                         0x080023c1   Thumb Code    84  os_core.o(i.OS_InitEventList)
    i.OS_InitMisc                            0x08002420   Section        0  os_core.o(i.OS_InitMisc)
    OS_InitMisc                              0x08002421   Thumb Code    44  os_core.o(i.OS_InitMisc)
    i.OS_InitRdyList                         0x08002474   Section        0  os_core.o(i.OS_InitRdyList)
    OS_InitRdyList                           0x08002475   Thumb Code    44  os_core.o(i.OS_InitRdyList)
    i.OS_InitTCBList                         0x080024b8   Section        0  os_core.o(i.OS_InitTCBList)
    OS_InitTCBList                           0x080024b9   Thumb Code   106  os_core.o(i.OS_InitTCBList)
    i.OS_InitTaskIdle                        0x08002538   Section        0  os_core.o(i.OS_InitTaskIdle)
    OS_InitTaskIdle                          0x08002539   Thumb Code    50  os_core.o(i.OS_InitTaskIdle)
    i.OS_InitTaskStat                        0x08002588   Section        0  os_core.o(i.OS_InitTaskStat)
    OS_InitTaskStat                          0x08002589   Thumb Code    50  os_core.o(i.OS_InitTaskStat)
    i.OS_MemClr                              0x080025d8   Section        0  os_core.o(i.OS_MemClr)
    i.OS_MemInit                             0x080025ec   Section        0  os_mem.o(i.OS_MemInit)
    i.OS_QInit                               0x08002644   Section        0  os_q.o(i.OS_QInit)
    i.OS_Sched                               0x08002694   Section        0  os_core.o(i.OS_Sched)
    i.OS_SchedNew                            0x08002708   Section        0  os_core.o(i.OS_SchedNew)
    OS_SchedNew                              0x08002709   Thumb Code    26  os_core.o(i.OS_SchedNew)
    i.OS_TCBInit                             0x08002734   Section        0  os_core.o(i.OS_TCBInit)
    i.OS_TaskIdle                            0x08002868   Section        0  os_core.o(i.OS_TaskIdle)
    i.OS_TaskStat                            0x08002890   Section        0  os_core.o(i.OS_TaskStat)
    i.OS_TaskStatStkChk                      0x08002918   Section        0  os_core.o(i.OS_TaskStatStkChk)
    i.OS_TaskStkClr                          0x08002954   Section        0  os_task.o(i.OS_TaskStkClr)
    i.RCC_APB2PeriphClockCmd                 0x08002970   Section        0  stm32f10x_rcc.o(i.RCC_APB2PeriphClockCmd)
    i.RCC_GetClocksFreq                      0x08002990   Section        0  stm32f10x_rcc.o(i.RCC_GetClocksFreq)
    i.SVC_Handler                            0x08002a64   Section        0  stm32f10x_it.o(i.SVC_Handler)
    i.SetSysClock                            0x08002a66   Section        0  system_stm32f10x.o(i.SetSysClock)
    SetSysClock                              0x08002a67   Thumb Code     8  system_stm32f10x.o(i.SetSysClock)
    i.SetSysClockTo72                        0x08002a70   Section        0  system_stm32f10x.o(i.SetSysClockTo72)
    SetSysClockTo72                          0x08002a71   Thumb Code   214  system_stm32f10x.o(i.SetSysClockTo72)
    i.SysTick_Handler                        0x08002b50   Section        0  stm32f10x_it.o(i.SysTick_Handler)
    i.SystemInit                             0x08002b58   Section        0  system_stm32f10x.o(i.SystemInit)
    i.Systick_Init                           0x08002bb8   Section        0  sys.o(i.Systick_Init)
    i.USART1_Configuration                   0x08002c00   Section        0  usart.o(i.USART1_Configuration)
    i.USART_Cmd                              0x08002c90   Section        0  stm32f10x_usart.o(i.USART_Cmd)
    i.USART_GetFlagStatus                    0x08002ca8   Section        0  stm32f10x_usart.o(i.USART_GetFlagStatus)
    i.USART_Init                             0x08002cc4   Section        0  stm32f10x_usart.o(i.USART_Init)
    i.USART_SendData                         0x08002d9c   Section        0  stm32f10x_usart.o(i.USART_SendData)
    i.UsageFault_Handler                     0x08002da4   Section        0  stm32f10x_it.o(i.UsageFault_Handler)
    i.__ARM_fpclassify                       0x08002da8   Section        0  fpclassify.o(i.__ARM_fpclassify)
    i.__kernel_poly                          0x08002dd0   Section        0  poly.o(i.__kernel_poly)
    i.__mathlib_dbl_divzero                  0x08002e7c   Section        0  dunder.o(i.__mathlib_dbl_divzero)
    i.__mathlib_dbl_infnan2                  0x08002e8c   Section        0  dunder.o(i.__mathlib_dbl_infnan2)
    i.__mathlib_dbl_invalid                  0x08002e90   Section        0  dunder.o(i.__mathlib_dbl_invalid)
    i.__mathlib_dbl_overflow                 0x08002e9c   Section        0  dunder.o(i.__mathlib_dbl_overflow)
    i.__mathlib_dbl_underflow                0x08002eac   Section        0  dunder.o(i.__mathlib_dbl_underflow)
    i._is_digit                              0x08002ebc   Section        0  __printf_wp.o(i._is_digit)
    i._sys_exit                              0x08002eca   Section        0  usart.o(i._sys_exit)
    i.bmp180_get_cal_param                   0x08002ed0   Section        0  bmp180.o(i.bmp180_get_cal_param)
    i.bmp180_get_pressure                    0x08002fcc   Section        0  bmp180.o(i.bmp180_get_pressure)
    i.bmp180_get_temperature                 0x080030f4   Section        0  bmp180.o(i.bmp180_get_temperature)
    i.bmp180_get_up                          0x08003148   Section        0  bmp180.o(i.bmp180_get_up)
    i.bmp180_get_ut                          0x080032ac   Section        0  bmp180.o(i.bmp180_get_ut)
    i.bmp180_init                            0x0800330c   Section        0  bmp180.o(i.bmp180_init)
    i.bmp180_task                            0x080033ac   Section        0  task.o(i.bmp180_task)
    i.fputc                                  0x08003500   Section        0  usart.o(i.fputc)
    i.main                                   0x08003524   Section        0  main.o(i.main)
    i.pow                                    0x08003558   Section        0  pow.o(i.pow)
    i.sqrt                                   0x08003f30   Section        0  sqrt.o(i.sqrt)
    i.start_task                             0x08003f7c   Section        0  task.o(i.start_task)
    i.usart1_task                            0x08004028   Section        0  task.o(i.usart1_task)
    locale$$code                             0x0800405c   Section       44  lc_numeric_c.o(locale$$code)
    x$fpl$d2f                                0x08004088   Section       98  d2f.o(x$fpl$d2f)
    x$fpl$dadd                               0x080040ec   Section      336  daddsub_clz.o(x$fpl$dadd)
    _dadd1                                   0x080040fd   Thumb Code     0  daddsub_clz.o(x$fpl$dadd)
    x$fpl$dcheck1                            0x0800423c   Section       16  dcheck1.o(x$fpl$dcheck1)
    x$fpl$dcmpinf                            0x0800424c   Section       24  dcmpi.o(x$fpl$dcmpinf)
    x$fpl$ddiv                               0x08004264   Section      688  ddiv.o(x$fpl$ddiv)
    ddiv_entry                               0x0800426b   Thumb Code     0  ddiv.o(x$fpl$ddiv)
    x$fpl$dflt                               0x08004514   Section       46  dflt_clz.o(x$fpl$dflt)
    x$fpl$dleqf                              0x08004544   Section      120  dleqf.o(x$fpl$dleqf)
    x$fpl$dmul                               0x080045bc   Section      340  dmul.o(x$fpl$dmul)
    x$fpl$dnaninf                            0x08004710   Section      156  dnaninf.o(x$fpl$dnaninf)
    x$fpl$dretinf                            0x080047ac   Section       12  dretinf.o(x$fpl$dretinf)
    x$fpl$drleqf                             0x080047b8   Section      108  drleqf.o(x$fpl$drleqf)
    x$fpl$drsb                               0x08004824   Section       22  daddsub_clz.o(x$fpl$drsb)
    x$fpl$dsqrt                              0x0800483c   Section      460  dsqrt_noumaal.o(x$fpl$dsqrt)
    x$fpl$dsub                               0x08004a08   Section      468  daddsub_clz.o(x$fpl$dsub)
    _dsub1                                   0x08004a19   Thumb Code     0  daddsub_clz.o(x$fpl$dsub)
    x$fpl$f2d                                0x08004bdc   Section       86  f2d.o(x$fpl$f2d)
    x$fpl$fnaninf                            0x08004c32   Section      140  fnaninf.o(x$fpl$fnaninf)
    x$fpl$fretinf                            0x08004cbe   Section       10  fretinf.o(x$fpl$fretinf)
    x$fpl$printf1                            0x08004cc8   Section        4  printf1.o(x$fpl$printf1)
    x$fpl$retnan                             0x08004ccc   Section      100  retnan.o(x$fpl$retnan)
    x$fpl$scalbn                             0x08004d30   Section       92  scalbn.o(x$fpl$scalbn)
    x$fpl$trapveneer                         0x08004d8c   Section       48  trapv.o(x$fpl$trapveneer)
    .constdata                               0x08004dbc   Section      256  os_core.o(.constdata)
    x$fpl$usenofp                            0x08004dbc   Section        0  usenofp.o(x$fpl$usenofp)
    .constdata                               0x08004ebc   Section      116  os_dbg.o(.constdata)
    .constdata                               0x08004f30   Section       17  __printf_flags_ss_wp.o(.constdata)
    maptable                                 0x08004f30   Data          17  __printf_flags_ss_wp.o(.constdata)
    .constdata                               0x08004f48   Section      136  pow.o(.constdata)
    bp                                       0x08004f48   Data          16  pow.o(.constdata)
    dp_h                                     0x08004f58   Data          16  pow.o(.constdata)
    dp_l                                     0x08004f68   Data          16  pow.o(.constdata)
    L                                        0x08004f78   Data          48  pow.o(.constdata)
    P                                        0x08004fa8   Data          40  pow.o(.constdata)
    .constdata                               0x08004fd0   Section        8  qnan.o(.constdata)
    .constdata                               0x08004fd8   Section      148  bigflt0.o(.constdata)
    tenpwrs_x                                0x08004fd8   Data          60  bigflt0.o(.constdata)
    tenpwrs_i                                0x08005014   Data          64  bigflt0.o(.constdata)
    locale$$data                             0x0800508c   Section       28  lc_numeric_c.o(locale$$data)
    __lcnum_c_name                           0x08005090   Data           2  lc_numeric_c.o(locale$$data)
    __lcnum_c_start                          0x08005098   Data           0  lc_numeric_c.o(locale$$data)
    __lcnum_c_point                          0x080050a4   Data           0  lc_numeric_c.o(locale$$data)
    __lcnum_c_thousands                      0x080050a6   Data           0  lc_numeric_c.o(locale$$data)
    __lcnum_c_grouping                       0x080050a7   Data           0  lc_numeric_c.o(locale$$data)
    __lcnum_c_end                            0x080050a8   Data           0  lc_numeric_c.o(locale$$data)
    .data                                    0x20000000   Section        4  sys.o(.data)
    .data                                    0x20000004   Section        4  usart.o(.data)
    .data                                    0x20000008   Section        4  bmp180.o(.data)
    .data                                    0x2000000c   Section       20  system_stm32f10x.o(.data)
    .data                                    0x20000020   Section       20  stm32f10x_rcc.o(.data)
    APBAHBPrescTable                         0x20000020   Data          16  stm32f10x_rcc.o(.data)
    ADCPrescTable                            0x20000030   Data           4  stm32f10x_rcc.o(.data)
    .data                                    0x20000034   Section       76  os_core.o(.data)
    .bss                                     0x20000080   Section     3072  task.o(.bss)
    .bss                                     0x20000c80   Section     3896  os_core.o(.bss)
    .bss                                     0x20001bb8   Section       96  libspace.o(.bss)
    HEAP                                     0x20001c18   Section      512  startup_stm32f10x_hd.o(HEAP)
    Heap_Mem                                 0x20001c18   Data         512  startup_stm32f10x_hd.o(HEAP)
    STACK                                    0x20001e18   Section     3072  startup_stm32f10x_hd.o(STACK)
    Stack_Mem                                0x20001e18   Data        3072  startup_stm32f10x_hd.o(STACK)
    __initial_sp                             0x20002a18   Data           0  startup_stm32f10x_hd.o(STACK)

    Global Symbols

    Symbol Name                              Value     Ov Type        Size  Object(Section)

    BuildAttributes$$THM_ISAv4$P$D$K$B$S$PE$A:L22UL41UL21$X:L11$S22US41US21$IEEE1$IW$USESV6$~STKCKD$USESV7$~SHL$OTIME$ROPI$IEEEX$EBA8$UX$STANDARDLIB$REQ8$PRES8$EABIv2 0x00000000   Number         0  anon$$obj.o ABSOLUTE
    __ARM_use_no_argv                        0x00000000   Number         0  main.o ABSOLUTE
    _printf_flags                            0x00000000   Number         0  printf_stubs.o ABSOLUTE
    _printf_return_value                     0x00000000   Number         0  printf_stubs.o ABSOLUTE
    _printf_sizespec                         0x00000000   Number         0  printf_stubs.o ABSOLUTE
    _printf_widthprec                        0x00000000   Number         0  printf_stubs.o ABSOLUTE
    __ARM_exceptions_init                     - Undefined Weak Reference
    __alloca_initialize                       - Undefined Weak Reference
    __arm_preinit_                            - Undefined Weak Reference
    __cpp_initialize__aeabi_                  - Undefined Weak Reference
    __cxa_finalize                            - Undefined Weak Reference
    __sigvec_lookup                           - Undefined Weak Reference
    _atexit_init                              - Undefined Weak Reference
    _call_atexit_fns                          - Undefined Weak Reference
    _clock_init                               - Undefined Weak Reference
    _fp_trap_init                             - Undefined Weak Reference
    _fp_trap_shutdown                         - Undefined Weak Reference
    _get_lc_collate                           - Undefined Weak Reference
    _get_lc_ctype                             - Undefined Weak Reference
    _get_lc_monetary                          - Undefined Weak Reference
    _get_lc_time                              - Undefined Weak Reference
    _getenv_init                              - Undefined Weak Reference
    _handle_redirection                       - Undefined Weak Reference
    _init_alloc                               - Undefined Weak Reference
    _init_user_alloc                          - Undefined Weak Reference
    _initio                                   - Undefined Weak Reference
    _mutex_acquire                            - Undefined Weak Reference
    _mutex_release                            - Undefined Weak Reference
    _printf_post_padding                      - Undefined Weak Reference
    _printf_pre_padding                       - Undefined Weak Reference
    _printf_truncate_signed                   - Undefined Weak Reference
    _printf_truncate_unsigned                 - Undefined Weak Reference
    _rand_init                                - Undefined Weak Reference
    _signal_finish                            - Undefined Weak Reference
    _signal_init                              - Undefined Weak Reference
    _terminate_alloc                          - Undefined Weak Reference
    _terminate_user_alloc                     - Undefined Weak Reference
    _terminateio                              - Undefined Weak Reference
    __Vectors_Size                           0x00000130   Number         0  startup_stm32f10x_hd.o ABSOLUTE
    __Vectors                                0x08000000   Data           4  startup_stm32f10x_hd.o(RESET)
    __Vectors_End                            0x08000130   Data           0  startup_stm32f10x_hd.o(RESET)
    __main                                   0x08000131   Thumb Code     8  __main.o(!!!main)
    __scatterload                            0x08000139   Thumb Code     0  __scatter.o(!!!scatter)
    __scatterload_rt2                        0x08000139   Thumb Code    44  __scatter.o(!!!scatter)
    __scatterload_rt2_thumb_only             0x08000139   Thumb Code     0  __scatter.o(!!!scatter)
    __scatterload_null                       0x08000147   Thumb Code     0  __scatter.o(!!!scatter)
    __scatterload_copy                       0x0800016d   Thumb Code    26  __scatter_copy.o(!!handler_copy)
    __scatterload_zeroinit                   0x08000189   Thumb Code    28  __scatter_zi.o(!!handler_zi)
    _printf_f                                0x080001a5   Thumb Code     0  _printf_f.o(.ARM.Collect$$_printf_percent$$00000003)
    _printf_percent                          0x080001a5   Thumb Code     0  _printf_percent.o(.ARM.Collect$$_printf_percent$$00000000)
    _printf_d                                0x080001ab   Thumb Code     0  _printf_d.o(.ARM.Collect$$_printf_percent$$00000009)
    _printf_percent_end                      0x080001b1   Thumb Code     0  _printf_percent_end.o(.ARM.Collect$$_printf_percent$$00000017)
    __rt_lib_init                            0x080001b5   Thumb Code     0  libinit.o(.ARM.Collect$$libinit$$00000000)
    __rt_lib_init_fp_1                       0x080001b7   Thumb Code     0  libinit2.o(.ARM.Collect$$libinit$$00000002)
    __rt_lib_init_heap_1                     0x080001b7   Thumb Code     0  libinit2.o(.ARM.Collect$$libinit$$0000000A)
    __rt_lib_init_lc_common                  0x080001b7   Thumb Code     0  libinit2.o(.ARM.Collect$$libinit$$0000000F)
    __rt_lib_init_preinit_1                  0x080001b7   Thumb Code     0  libinit2.o(.ARM.Collect$$libinit$$00000004)
    __rt_lib_init_rand_1                     0x080001b7   Thumb Code     0  libinit2.o(.ARM.Collect$$libinit$$0000000E)
    __rt_lib_init_user_alloc_1               0x080001b7   Thumb Code     0  libinit2.o(.ARM.Collect$$libinit$$0000000C)
    __rt_lib_init_lc_collate_1               0x080001bd   Thumb Code     0  libinit2.o(.ARM.Collect$$libinit$$00000011)
    __rt_lib_init_lc_ctype_1                 0x080001bd   Thumb Code     0  libinit2.o(.ARM.Collect$$libinit$$00000013)
    __rt_lib_init_lc_monetary_1              0x080001bd   Thumb Code     0  libinit2.o(.ARM.Collect$$libinit$$00000015)
    __rt_lib_init_lc_numeric_2               0x080001bd   Thumb Code     0  libinit2.o(.ARM.Collect$$libinit$$00000016)
    __rt_lib_init_alloca_1                   0x080001c7   Thumb Code     0  libinit2.o(.ARM.Collect$$libinit$$0000002E)
    __rt_lib_init_argv_1                     0x080001c7   Thumb Code     0  libinit2.o(.ARM.Collect$$libinit$$0000002C)
    __rt_lib_init_atexit_1                   0x080001c7   Thumb Code     0  libinit2.o(.ARM.Collect$$libinit$$0000001B)
    __rt_lib_init_clock_1                    0x080001c7   Thumb Code     0  libinit2.o(.ARM.Collect$$libinit$$00000021)
    __rt_lib_init_cpp_1                      0x080001c7   Thumb Code     0  libinit2.o(.ARM.Collect$$libinit$$00000032)
    __rt_lib_init_exceptions_1               0x080001c7   Thumb Code     0  libinit2.o(.ARM.Collect$$libinit$$00000030)
    __rt_lib_init_fp_trap_1                  0x080001c7   Thumb Code     0  libinit2.o(.ARM.Collect$$libinit$$0000001F)
    __rt_lib_init_getenv_1                   0x080001c7   Thumb Code     0  libinit2.o(.ARM.Collect$$libinit$$00000023)
    __rt_lib_init_lc_numeric_1               0x080001c7   Thumb Code     0  libinit2.o(.ARM.Collect$$libinit$$00000017)
    __rt_lib_init_lc_time_1                  0x080001c7   Thumb Code     0  libinit2.o(.ARM.Collect$$libinit$$00000019)
    __rt_lib_init_return                     0x080001c7   Thumb Code     0  libinit2.o(.ARM.Collect$$libinit$$00000033)
    __rt_lib_init_signal_1                   0x080001c7   Thumb Code     0  libinit2.o(.ARM.Collect$$libinit$$0000001D)
    __rt_lib_init_stdio_1                    0x080001c7   Thumb Code     0  libinit2.o(.ARM.Collect$$libinit$$00000025)
    __rt_lib_shutdown                        0x080001c9   Thumb Code     0  libshutdown.o(.ARM.Collect$$libshutdown$$00000000)
    __rt_lib_shutdown_cpp_1                  0x080001cb   Thumb Code     0  libshutdown2.o(.ARM.Collect$$libshutdown$$00000002)
    __rt_lib_shutdown_fp_trap_1              0x080001cb   Thumb Code     0  libshutdown2.o(.ARM.Collect$$libshutdown$$00000007)
    __rt_lib_shutdown_heap_1                 0x080001cb   Thumb Code     0  libshutdown2.o(.ARM.Collect$$libshutdown$$0000000F)
    __rt_lib_shutdown_return                 0x080001cb   Thumb Code     0  libshutdown2.o(.ARM.Collect$$libshutdown$$00000010)
    __rt_lib_shutdown_signal_1               0x080001cb   Thumb Code     0  libshutdown2.o(.ARM.Collect$$libshutdown$$0000000A)
    __rt_lib_shutdown_stdio_1                0x080001cb   Thumb Code     0  libshutdown2.o(.ARM.Collect$$libshutdown$$00000004)
    __rt_lib_shutdown_user_alloc_1           0x080001cb   Thumb Code     0  libshutdown2.o(.ARM.Collect$$libshutdown$$0000000C)
    __rt_entry                               0x080001cd   Thumb Code     0  __rtentry.o(.ARM.Collect$$rtentry$$00000000)
    __rt_entry_presh_1                       0x080001cd   Thumb Code     0  __rtentry2.o(.ARM.Collect$$rtentry$$00000002)
    __rt_entry_sh                            0x080001cd   Thumb Code     0  __rtentry4.o(.ARM.Collect$$rtentry$$00000004)
    __rt_entry_li                            0x080001d3   Thumb Code     0  __rtentry2.o(.ARM.Collect$$rtentry$$0000000A)
    __rt_entry_postsh_1                      0x080001d3   Thumb Code     0  __rtentry2.o(.ARM.Collect$$rtentry$$00000009)
    __rt_entry_main                          0x080001d7   Thumb Code     0  __rtentry2.o(.ARM.Collect$$rtentry$$0000000D)
    __rt_entry_postli_1                      0x080001d7   Thumb Code     0  __rtentry2.o(.ARM.Collect$$rtentry$$0000000C)
    __rt_exit                                0x080001df   Thumb Code     0  rtexit.o(.ARM.Collect$$rtexit$$00000000)
    __rt_exit_ls                             0x080001e1   Thumb Code     0  rtexit2.o(.ARM.Collect$$rtexit$$00000003)
    __rt_exit_prels_1                        0x080001e1   Thumb Code     0  rtexit2.o(.ARM.Collect$$rtexit$$00000002)
    __rt_exit_exit                           0x080001e5   Thumb Code     0  rtexit2.o(.ARM.Collect$$rtexit$$00000004)
    Reset_Handler                            0x080001ed   Thumb Code     8  startup_stm32f10x_hd.o(.text)
    ADC1_2_IRQHandler                        0x08000207   Thumb Code     0  startup_stm32f10x_hd.o(.text)
    ADC3_IRQHandler                          0x08000207   Thumb Code     0  startup_stm32f10x_hd.o(.text)
    CAN1_RX1_IRQHandler                      0x08000207   Thumb Code     0  startup_stm32f10x_hd.o(.text)
    CAN1_SCE_IRQHandler                      0x08000207   Thumb Code     0  startup_stm32f10x_hd.o(.text)
    DMA1_Channel1_IRQHandler                 0x08000207   Thumb Code     0  startup_stm32f10x_hd.o(.text)
    DMA1_Channel2_IRQHandler                 0x08000207   Thumb Code     0  startup_stm32f10x_hd.o(.text)
    DMA1_Channel3_IRQHandler                 0x08000207   Thumb Code     0  startup_stm32f10x_hd.o(.text)
    DMA1_Channel4_IRQHandler                 0x08000207   Thumb Code     0  startup_stm32f10x_hd.o(.text)
    DMA1_Channel5_IRQHandler                 0x08000207   Thumb Code     0  startup_stm32f10x_hd.o(.text)
    DMA1_Channel6_IRQHandler                 0x08000207   Thumb Code     0  startup_stm32f10x_hd.o(.text)
    DMA1_Channel7_IRQHandler                 0x08000207   Thumb Code     0  startup_stm32f10x_hd.o(.text)
    DMA2_Channel1_IRQHandler                 0x08000207   Thumb Code     0  startup_stm32f10x_hd.o(.text)
    DMA2_Channel2_IRQHandler                 0x08000207   Thumb Code     0  startup_stm32f10x_hd.o(.text)
    DMA2_Channel3_IRQHandler                 0x08000207   Thumb Code     0  startup_stm32f10x_hd.o(.text)
    DMA2_Channel4_5_IRQHandler               0x08000207   Thumb Code     0  startup_stm32f10x_hd.o(.text)
    EXTI0_IRQHandler                         0x08000207   Thumb Code     0  startup_stm32f10x_hd.o(.text)
    EXTI1_IRQHandler                         0x08000207   Thumb Code     0  startup_stm32f10x_hd.o(.text)
    EXTI2_IRQHandler                         0x08000207   Thumb Code     0  startup_stm32f10x_hd.o(.text)
    EXTI3_IRQHandler                         0x08000207   Thumb Code     0  startup_stm32f10x_hd.o(.text)
    EXTI4_IRQHandler                         0x08000207   Thumb Code     0  startup_stm32f10x_hd.o(.text)
    EXTI9_5_IRQHandler                       0x08000207   Thumb Code     0  startup_stm32f10x_hd.o(.text)
    FLASH_IRQHandler                         0x08000207   Thumb Code     0  startup_stm32f10x_hd.o(.text)
    FSMC_IRQHandler                          0x08000207   Thumb Code     0  startup_stm32f10x_hd.o(.text)
    I2C1_ER_IRQHandler                       0x08000207   Thumb Code     0  startup_stm32f10x_hd.o(.text)
    I2C1_EV_IRQHandler                       0x08000207   Thumb Code     0  startup_stm32f10x_hd.o(.text)
    I2C2_ER_IRQHandler                       0x08000207   Thumb Code     0  startup_stm32f10x_hd.o(.text)
    I2C2_EV_IRQHandler                       0x08000207   Thumb Code     0  startup_stm32f10x_hd.o(.text)
    PVD_IRQHandler                           0x08000207   Thumb Code     0  startup_stm32f10x_hd.o(.text)
    RCC_IRQHandler                           0x08000207   Thumb Code     0  startup_stm32f10x_hd.o(.text)
    RTCAlarm_IRQHandler                      0x08000207   Thumb Code     0  startup_stm32f10x_hd.o(.text)
    RTC_IRQHandler                           0x08000207   Thumb Code     0  startup_stm32f10x_hd.o(.text)
    SDIO_IRQHandler                          0x08000207   Thumb Code     0  startup_stm32f10x_hd.o(.text)
    SPI1_IRQHandler                          0x08000207   Thumb Code     0  startup_stm32f10x_hd.o(.text)
    SPI2_IRQHandler                          0x08000207   Thumb Code     0  startup_stm32f10x_hd.o(.text)
    SPI3_IRQHandler                          0x08000207   Thumb Code     0  startup_stm32f10x_hd.o(.text)
    TAMPER_IRQHandler                        0x08000207   Thumb Code     0  startup_stm32f10x_hd.o(.text)
    TIM1_BRK_IRQHandler                      0x08000207   Thumb Code     0  startup_stm32f10x_hd.o(.text)
    TIM1_CC_IRQHandler                       0x08000207   Thumb Code     0  startup_stm32f10x_hd.o(.text)
    TIM1_TRG_COM_IRQHandler                  0x08000207   Thumb Code     0  startup_stm32f10x_hd.o(.text)
    TIM1_UP_IRQHandler                       0x08000207   Thumb Code     0  startup_stm32f10x_hd.o(.text)
    TIM2_IRQHandler                          0x08000207   Thumb Code     0  startup_stm32f10x_hd.o(.text)
    TIM3_IRQHandler                          0x08000207   Thumb Code     0  startup_stm32f10x_hd.o(.text)
    TIM4_IRQHandler                          0x08000207   Thumb Code     0  startup_stm32f10x_hd.o(.text)
    TIM5_IRQHandler                          0x08000207   Thumb Code     0  startup_stm32f10x_hd.o(.text)
    TIM6_IRQHandler                          0x08000207   Thumb Code     0  startup_stm32f10x_hd.o(.text)
    TIM7_IRQHandler                          0x08000207   Thumb Code     0  startup_stm32f10x_hd.o(.text)
    TIM8_BRK_IRQHandler                      0x08000207   Thumb Code     0  startup_stm32f10x_hd.o(.text)
    TIM8_CC_IRQHandler                       0x08000207   Thumb Code     0  startup_stm32f10x_hd.o(.text)
    TIM8_TRG_COM_IRQHandler                  0x08000207   Thumb Code     0  startup_stm32f10x_hd.o(.text)
    TIM8_UP_IRQHandler                       0x08000207   Thumb Code     0  startup_stm32f10x_hd.o(.text)
    UART4_IRQHandler                         0x08000207   Thumb Code     0  startup_stm32f10x_hd.o(.text)
    UART5_IRQHandler                         0x08000207   Thumb Code     0  startup_stm32f10x_hd.o(.text)
    USART1_IRQHandler                        0x08000207   Thumb Code     0  startup_stm32f10x_hd.o(.text)
    USART2_IRQHandler                        0x08000207   Thumb Code     0  startup_stm32f10x_hd.o(.text)
    USART3_IRQHandler                        0x08000207   Thumb Code     0  startup_stm32f10x_hd.o(.text)
    USBWakeUp_IRQHandler                     0x08000207   Thumb Code     0  startup_stm32f10x_hd.o(.text)
    USB_HP_CAN1_TX_IRQHandler                0x08000207   Thumb Code     0  startup_stm32f10x_hd.o(.text)
    USB_LP_CAN1_RX0_IRQHandler               0x08000207   Thumb Code     0  startup_stm32f10x_hd.o(.text)
    WWDG_IRQHandler                          0x08000207   Thumb Code     0  startup_stm32f10x_hd.o(.text)
    __user_initial_stackheap                 0x08000209   Thumb Code     0  startup_stm32f10x_hd.o(.text)
    OS_CPU_SR_Save                           0x0800022d   Thumb Code     0  os_cpu_a.o(.text)
    OS_CPU_SR_Restore                        0x08000235   Thumb Code     0  os_cpu_a.o(.text)
    OSStartHighRdy                           0x0800023b   Thumb Code     0  os_cpu_a.o(.text)
    OSCtxSw                                  0x08000259   Thumb Code     0  os_cpu_a.o(.text)
    OSIntCtxSw                               0x08000263   Thumb Code     0  os_cpu_a.o(.text)
    PendSV_Handler                           0x0800026d   Thumb Code     0  os_cpu_a.o(.text)
    __use_no_semihosting                     0x080002d5   Thumb Code     2  use_no_semi_2.o(.text)
    __2printf                                0x080002d9   Thumb Code    20  noretval__2printf.o(.text)
    _printf_int_dec                          0x080002f1   Thumb Code   104  _printf_dec.o(.text)
    __printf                                 0x08000369   Thumb Code   388  __printf_flags_ss_wp.o(.text)
    __use_two_region_memory                  0x080004f1   Thumb Code     2  heapauxi.o(.text)
    __rt_heap_escrow$2region                 0x080004f3   Thumb Code     2  heapauxi.o(.text)
    __rt_heap_expand$2region                 0x080004f5   Thumb Code     2  heapauxi.o(.text)
    __I$use$semihosting                      0x080004f7   Thumb Code     0  use_no_semi.o(.text)
    __use_no_semihosting_swi                 0x080004f7   Thumb Code     2  use_no_semi.o(.text)
    __read_errno                             0x080004f9   Thumb Code    10  _rserrno.o(.text)
    __set_errno                              0x08000503   Thumb Code    12  _rserrno.o(.text)
    _printf_int_common                       0x0800050f   Thumb Code   178  _printf_intcommon.o(.text)
    __lib_sel_fp_printf                      0x080005c1   Thumb Code     2  _printf_fp_dec.o(.text)
    _printf_fp_dec_real                      0x08000773   Thumb Code   620  _printf_fp_dec.o(.text)
    _printf_char_file                        0x080009e1   Thumb Code    32  _printf_char_file.o(.text)
    __rt_locale                              0x08000a05   Thumb Code     8  rt_locale_intlibspace.o(.text)
    __aeabi_errno_addr                       0x08000a0d   Thumb Code     8  rt_errno_addr_intlibspace.o(.text)
    __errno$intlibspace                      0x08000a0d   Thumb Code     0  rt_errno_addr_intlibspace.o(.text)
    __rt_errno_addr$intlibspace              0x08000a0d   Thumb Code     0  rt_errno_addr_intlibspace.o(.text)
    _ll_udiv10                               0x08000a15   Thumb Code   138  lludiv10.o(.text)
    _printf_char_common                      0x08000aab   Thumb Code    32  _printf_char_common.o(.text)
    _printf_fp_infnan                        0x08000ad1   Thumb Code   112  _printf_fp_infnan.o(.text)
    _btod_etento                             0x08000b51   Thumb Code   224  bigflt0.o(.text)
    ferror                                   0x08000c35   Thumb Code     8  ferror.o(.text)
    __user_libspace                          0x08000c3d   Thumb Code     8  libspace.o(.text)
    __user_perproc_libspace                  0x08000c3d   Thumb Code     0  libspace.o(.text)
    __user_perthread_libspace                0x08000c3d   Thumb Code     0  libspace.o(.text)
    __user_setup_stackheap                   0x08000c45   Thumb Code    74  sys_stackheap_outer.o(.text)
    exit                                     0x08000c8f   Thumb Code    18  exit.o(.text)
    strcmp                                   0x08000ca1   Thumb Code   128  strcmpv7m.o(.text)
    _btod_d2e                                0x08000d21   Thumb Code    62  btod.o(CL$$btod_d2e)
    _d2e_denorm_low                          0x08000d5f   Thumb Code    70  btod.o(CL$$btod_d2e_denorm_low)
    _d2e_norm_op1                            0x08000da5   Thumb Code    96  btod.o(CL$$btod_d2e_norm_op1)
    __btod_div_common                        0x08000e05   Thumb Code   696  btod.o(CL$$btod_div_common)
    _e2e                                     0x0800113d   Thumb Code   220  btod.o(CL$$btod_e2e)
    _btod_ediv                               0x08001219   Thumb Code    42  btod.o(CL$$btod_ediv)
    _btod_emul                               0x08001243   Thumb Code    42  btod.o(CL$$btod_emul)
    __btod_mult_common                       0x0800126d   Thumb Code   580  btod.o(CL$$btod_mult_common)
    BMP180_GPIO_Init                         0x080014b1   Thumb Code    88  i2c_bmp180.o(i.BMP180_GPIO_Init)
    BMP180_I2C_bus_read                      0x0800150d   Thumb Code   120  i2c_bmp180.o(i.BMP180_I2C_bus_read)
    BMP180_I2C_bus_write                     0x08001585   Thumb Code    88  i2c_bmp180.o(i.BMP180_I2C_bus_write)
    BMP180_delay_msek                        0x080015dd   Thumb Code    12  i2c_bmp180.o(i.BMP180_delay_msek)
    BusFault_Handler                         0x080015e9   Thumb Code     4  stm32f10x_it.o(i.BusFault_Handler)
    DebugMon_Handler                         0x080015ed   Thumb Code     2  stm32f10x_it.o(i.DebugMon_Handler)
    Delay1ms                                 0x080015f1   Thumb Code    64  delay.o(i.Delay1ms)
    Delay1us                                 0x08001635   Thumb Code    64  delay.o(i.Delay1us)
    EXTI15_10_IRQHandler                     0x08001679   Thumb Code     2  stm32f10x_it.o(i.EXTI15_10_IRQHandler)
    GPIO_Init                                0x0800167b   Thumb Code   278  stm32f10x_gpio.o(i.GPIO_Init)
    GPIO_ReadInputDataBit                    0x08001791   Thumb Code    18  stm32f10x_gpio.o(i.GPIO_ReadInputDataBit)
    GPIO_ResetBits                           0x080017a3   Thumb Code     4  stm32f10x_gpio.o(i.GPIO_ResetBits)
    GPIO_SetBits                             0x080017a7   Thumb Code     4  stm32f10x_gpio.o(i.GPIO_SetBits)
    HardFault_Handler                        0x080017ab   Thumb Code     4  stm32f10x_it.o(i.HardFault_Handler)
    MemManage_Handler                        0x08001999   Thumb Code     4  stm32f10x_it.o(i.MemManage_Handler)
    NMI_Handler                              0x0800199d   Thumb Code     2  stm32f10x_it.o(i.NMI_Handler)
    NVIC_PriorityGroupConfig                 0x080019a1   Thumb Code    10  misc.o(i.NVIC_PriorityGroupConfig)
    OSDebugInit                              0x080019b5   Thumb Code    96  os_dbg.o(i.OSDebugInit)
    OSInit                                   0x08001acd   Thumb Code    52  os_core.o(i.OSInit)
    OSInitHookBegin                          0x08001b01   Thumb Code     2  os_cpu_c.o(i.OSInitHookBegin)
    OSInitHookEnd                            0x08001b03   Thumb Code     2  os_cpu_c.o(i.OSInitHookEnd)
    OSStart                                  0x08001b05   Thumb Code    48  os_core.o(i.OSStart)
    OSStatInit                               0x08001b4d   Thumb Code    62  os_core.o(i.OSStatInit)
    OSTCBInitHook                            0x08001b99   Thumb Code     2  os_cpu_c.o(i.OSTCBInitHook)
    OSTaskCreate                             0x08001b9d   Thumb Code   156  os_task.o(i.OSTaskCreate)
    OSTaskCreateExt                          0x08001c45   Thumb Code   178  os_task.o(i.OSTaskCreateExt)
    OSTaskCreateHook                         0x08001d05   Thumb Code     2  os_cpu_c.o(i.OSTaskCreateHook)
    OSTaskDel                                0x08001d09   Thumb Code   318  os_task.o(i.OSTaskDel)
    OSTaskDelHook                            0x08001e75   Thumb Code     2  os_cpu_c.o(i.OSTaskDelHook)
    OSTaskDelReq                             0x08001e79   Thumb Code   112  os_task.o(i.OSTaskDelReq)
    OSTaskIdleHook                           0x08001ef1   Thumb Code     2  os_cpu_c.o(i.OSTaskIdleHook)
    OSTaskNameSet                            0x08001ef5   Thumb Code   120  os_task.o(i.OSTaskNameSet)
    OSTaskStatHook                           0x08001f79   Thumb Code     2  os_cpu_c.o(i.OSTaskStatHook)
    OSTaskStkChk                             0x08001f7d   Thumb Code   150  os_task.o(i.OSTaskStkChk)
    OSTaskStkInit                            0x0800201d   Thumb Code   154  os_cpu_c.o(i.OSTaskStkInit)
    OSTaskSuspend                            0x080020b9   Thumb Code   172  os_task.o(i.OSTaskSuspend)
    OSTaskSwHook                             0x08002175   Thumb Code     2  os_cpu_c.o(i.OSTaskSwHook)
    OSTimeDly                                0x08002179   Thumb Code   100  os_time.o(i.OSTimeDly)
    OSTimeTick                               0x080021f1   Thumb Code   210  os_core.o(i.OSTimeTick)
    OSTimeTickHook                           0x080022dd   Thumb Code     2  os_cpu_c.o(i.OSTimeTickHook)
    OS_Dummy                                 0x080022df   Thumb Code     2  os_core.o(i.OS_Dummy)
    OS_EventTaskRemove                       0x080022e1   Thumb Code    42  os_core.o(i.OS_EventTaskRemove)
    OS_EventTaskRemoveMulti                  0x0800230b   Thumb Code    58  os_core.o(i.OS_EventTaskRemoveMulti)
    OS_FlagInit                              0x08002345   Thumb Code    74  os_flag.o(i.OS_FlagInit)
    OS_FlagUnlink                            0x0800239d   Thumb Code    36  os_flag.o(i.OS_FlagUnlink)
    OS_MemClr                                0x080025d9   Thumb Code    18  os_core.o(i.OS_MemClr)
    OS_MemInit                               0x080025ed   Thumb Code    74  os_mem.o(i.OS_MemInit)
    OS_QInit                                 0x08002645   Thumb Code    72  os_q.o(i.OS_QInit)
    OS_Sched                                 0x08002695   Thumb Code    88  os_core.o(i.OS_Sched)
    OS_TCBInit                               0x08002735   Thumb Code   280  os_core.o(i.OS_TCBInit)
    OS_TaskIdle                              0x08002869   Thumb Code    34  os_core.o(i.OS_TaskIdle)
    OS_TaskStat                              0x08002891   Thumb Code   116  os_core.o(i.OS_TaskStat)
    OS_TaskStatStkChk                        0x08002919   Thumb Code    54  os_core.o(i.OS_TaskStatStkChk)
    OS_TaskStkClr                            0x08002955   Thumb Code    26  os_task.o(i.OS_TaskStkClr)
    RCC_APB2PeriphClockCmd                   0x08002971   Thumb Code    26  stm32f10x_rcc.o(i.RCC_APB2PeriphClockCmd)
    RCC_GetClocksFreq                        0x08002991   Thumb Code   192  stm32f10x_rcc.o(i.RCC_GetClocksFreq)
    SVC_Handler                              0x08002a65   Thumb Code     2  stm32f10x_it.o(i.SVC_Handler)
    SysTick_Handler                          0x08002b51   Thumb Code     8  stm32f10x_it.o(i.SysTick_Handler)
    SystemInit                               0x08002b59   Thumb Code    78  system_stm32f10x.o(i.SystemInit)
    Systick_Init                             0x08002bb9   Thumb Code    56  sys.o(i.Systick_Init)
    USART1_Configuration                     0x08002c01   Thumb Code   134  usart.o(i.USART1_Configuration)
    USART_Cmd                                0x08002c91   Thumb Code    24  stm32f10x_usart.o(i.USART_Cmd)
    USART_GetFlagStatus                      0x08002ca9   Thumb Code    26  stm32f10x_usart.o(i.USART_GetFlagStatus)
    USART_Init                               0x08002cc5   Thumb Code   210  stm32f10x_usart.o(i.USART_Init)
    USART_SendData                           0x08002d9d   Thumb Code     8  stm32f10x_usart.o(i.USART_SendData)
    UsageFault_Handler                       0x08002da5   Thumb Code     4  stm32f10x_it.o(i.UsageFault_Handler)
    __ARM_fpclassify                         0x08002da9   Thumb Code    40  fpclassify.o(i.__ARM_fpclassify)
    __kernel_poly                            0x08002dd1   Thumb Code   170  poly.o(i.__kernel_poly)
    __mathlib_dbl_divzero                    0x08002e7d   Thumb Code    12  dunder.o(i.__mathlib_dbl_divzero)
    __mathlib_dbl_infnan2                    0x08002e8d   Thumb Code     4  dunder.o(i.__mathlib_dbl_infnan2)
    __mathlib_dbl_invalid                    0x08002e91   Thumb Code    12  dunder.o(i.__mathlib_dbl_invalid)
    __mathlib_dbl_overflow                   0x08002e9d   Thumb Code    14  dunder.o(i.__mathlib_dbl_overflow)
    __mathlib_dbl_underflow                  0x08002ead   Thumb Code    10  dunder.o(i.__mathlib_dbl_underflow)
    _is_digit                                0x08002ebd   Thumb Code    14  __printf_wp.o(i._is_digit)
    _sys_exit                                0x08002ecb   Thumb Code     4  usart.o(i._sys_exit)
    bmp180_get_cal_param                     0x08002ed1   Thumb Code   246  bmp180.o(i.bmp180_get_cal_param)
    bmp180_get_pressure                      0x08002fcd   Thumb Code   288  bmp180.o(i.bmp180_get_pressure)
    bmp180_get_temperature                   0x080030f5   Thumb Code    78  bmp180.o(i.bmp180_get_temperature)
    bmp180_get_up                            0x08003149   Thumb Code   352  bmp180.o(i.bmp180_get_up)
    bmp180_get_ut                            0x080032ad   Thumb Code    92  bmp180.o(i.bmp180_get_ut)
    bmp180_init                              0x0800330d   Thumb Code   156  bmp180.o(i.bmp180_init)
    bmp180_task                              0x080033ad   Thumb Code   186  task.o(i.bmp180_task)
    fputc                                    0x08003501   Thumb Code    32  usart.o(i.fputc)
    main                                     0x08003525   Thumb Code    42  main.o(i.main)
    pow                                      0x08003559   Thumb Code  2512  pow.o(i.pow)
    sqrt                                     0x08003f31   Thumb Code    76  sqrt.o(i.sqrt)
    start_task                               0x08003f7d   Thumb Code    90  task.o(i.start_task)
    usart1_task                              0x08004029   Thumb Code    22  task.o(i.usart1_task)
    _get_lc_numeric                          0x0800405d   Thumb Code    44  lc_numeric_c.o(locale$$code)
    __aeabi_d2f                              0x08004089   Thumb Code     0  d2f.o(x$fpl$d2f)
    _d2f                                     0x08004089   Thumb Code    98  d2f.o(x$fpl$d2f)
    __aeabi_dadd                             0x080040ed   Thumb Code     0  daddsub_clz.o(x$fpl$dadd)
    _dadd                                    0x080040ed   Thumb Code   332  daddsub_clz.o(x$fpl$dadd)
    __fpl_dcheck_NaN1                        0x0800423d   Thumb Code    10  dcheck1.o(x$fpl$dcheck1)
    __fpl_dcmp_Inf                           0x0800424d   Thumb Code    24  dcmpi.o(x$fpl$dcmpinf)
    __aeabi_ddiv                             0x08004265   Thumb Code     0  ddiv.o(x$fpl$ddiv)
    _ddiv                                    0x08004265   Thumb Code   552  ddiv.o(x$fpl$ddiv)
    __aeabi_i2d                              0x08004515   Thumb Code     0  dflt_clz.o(x$fpl$dflt)
    _dflt                                    0x08004515   Thumb Code    46  dflt_clz.o(x$fpl$dflt)
    __aeabi_cdcmple                          0x08004545   Thumb Code     0  dleqf.o(x$fpl$dleqf)
    _dcmple                                  0x08004545   Thumb Code   120  dleqf.o(x$fpl$dleqf)
    __fpl_dcmple_InfNaN                      0x080045a7   Thumb Code     0  dleqf.o(x$fpl$dleqf)
    __aeabi_dmul                             0x080045bd   Thumb Code     0  dmul.o(x$fpl$dmul)
    _dmul                                    0x080045bd   Thumb Code   332  dmul.o(x$fpl$dmul)
    __fpl_dnaninf                            0x08004711   Thumb Code   156  dnaninf.o(x$fpl$dnaninf)
    __fpl_dretinf                            0x080047ad   Thumb Code    12  dretinf.o(x$fpl$dretinf)
    __aeabi_cdrcmple                         0x080047b9   Thumb Code     0  drleqf.o(x$fpl$drleqf)
    _drcmple                                 0x080047b9   Thumb Code   108  drleqf.o(x$fpl$drleqf)
    __aeabi_drsub                            0x08004825   Thumb Code     0  daddsub_clz.o(x$fpl$drsb)
    _drsb                                    0x08004825   Thumb Code    22  daddsub_clz.o(x$fpl$drsb)
    _dsqrt                                   0x0800483d   Thumb Code   456  dsqrt_noumaal.o(x$fpl$dsqrt)
    __aeabi_dsub                             0x08004a09   Thumb Code     0  daddsub_clz.o(x$fpl$dsub)
    _dsub                                    0x08004a09   Thumb Code   464  daddsub_clz.o(x$fpl$dsub)
    __aeabi_f2d                              0x08004bdd   Thumb Code     0  f2d.o(x$fpl$f2d)
    _f2d                                     0x08004bdd   Thumb Code    86  f2d.o(x$fpl$f2d)
    __fpl_fnaninf                            0x08004c33   Thumb Code   140  fnaninf.o(x$fpl$fnaninf)
    __fpl_fretinf                            0x08004cbf   Thumb Code    10  fretinf.o(x$fpl$fretinf)
    _printf_fp_dec                           0x08004cc9   Thumb Code     4  printf1.o(x$fpl$printf1)
    __fpl_return_NaN                         0x08004ccd   Thumb Code   100  retnan.o(x$fpl$retnan)
    __ARM_scalbn                             0x08004d31   Thumb Code    92  scalbn.o(x$fpl$scalbn)
    __fpl_cmpreturn                          0x08004d8d   Thumb Code    48  trapv.o(x$fpl$trapveneer)
    OSUnMapTbl                               0x08004dbc   Data         256  os_core.o(.constdata)
    __I$use$fp                               0x08004dbc   Number         0  usenofp.o(x$fpl$usenofp)
    OSDebugEn                                0x08004ebc   Data           2  os_dbg.o(.constdata)
    OSEndiannessTest                         0x08004ec0   Data           4  os_dbg.o(.constdata)
    OSEventEn                                0x08004ec4   Data           2  os_dbg.o(.constdata)
    OSEventMax                               0x08004ec6   Data           2  os_dbg.o(.constdata)
    OSEventNameEn                            0x08004ec8   Data           2  os_dbg.o(.constdata)
    OSEventSize                              0x08004eca   Data           2  os_dbg.o(.constdata)
    OSEventTblSize                           0x08004ecc   Data           2  os_dbg.o(.constdata)
    OSEventMultiEn                           0x08004ece   Data           2  os_dbg.o(.constdata)
    OSFlagEn                                 0x08004ed0   Data           2  os_dbg.o(.constdata)
    OSFlagGrpSize                            0x08004ed2   Data           2  os_dbg.o(.constdata)
    OSFlagNodeSize                           0x08004ed4   Data           2  os_dbg.o(.constdata)
    OSFlagWidth                              0x08004ed6   Data           2  os_dbg.o(.constdata)
    OSFlagMax                                0x08004ed8   Data           2  os_dbg.o(.constdata)
    OSFlagNameEn                             0x08004eda   Data           2  os_dbg.o(.constdata)
    OSLowestPrio                             0x08004edc   Data           2  os_dbg.o(.constdata)
    OSMboxEn                                 0x08004ede   Data           2  os_dbg.o(.constdata)
    OSMemEn                                  0x08004ee0   Data           2  os_dbg.o(.constdata)
    OSMemMax                                 0x08004ee2   Data           2  os_dbg.o(.constdata)
    OSMemNameEn                              0x08004ee4   Data           2  os_dbg.o(.constdata)
    OSMemSize                                0x08004ee6   Data           2  os_dbg.o(.constdata)
    OSMemTblSize                             0x08004ee8   Data           2  os_dbg.o(.constdata)
    OSMutexEn                                0x08004eea   Data           2  os_dbg.o(.constdata)
    OSPtrSize                                0x08004eec   Data           2  os_dbg.o(.constdata)
    OSQEn                                    0x08004eee   Data           2  os_dbg.o(.constdata)
    OSQMax                                   0x08004ef0   Data           2  os_dbg.o(.constdata)
    OSQSize                                  0x08004ef2   Data           2  os_dbg.o(.constdata)
    OSRdyTblSize                             0x08004ef4   Data           2  os_dbg.o(.constdata)
    OSSemEn                                  0x08004ef6   Data           2  os_dbg.o(.constdata)
    OSStkWidth                               0x08004ef8   Data           2  os_dbg.o(.constdata)
    OSTaskCreateEn                           0x08004efa   Data           2  os_dbg.o(.constdata)
    OSTaskCreateExtEn                        0x08004efc   Data           2  os_dbg.o(.constdata)
    OSTaskDelEn                              0x08004efe   Data           2  os_dbg.o(.constdata)
    OSTaskIdleStkSize                        0x08004f00   Data           2  os_dbg.o(.constdata)
    OSTaskProfileEn                          0x08004f02   Data           2  os_dbg.o(.constdata)
    OSTaskMax                                0x08004f04   Data           2  os_dbg.o(.constdata)
    OSTaskNameEn                             0x08004f06   Data           2  os_dbg.o(.constdata)
    OSTaskStatEn                             0x08004f08   Data           2  os_dbg.o(.constdata)
    OSTaskStatStkSize                        0x08004f0a   Data           2  os_dbg.o(.constdata)
    OSTaskStatStkChkEn                       0x08004f0c   Data           2  os_dbg.o(.constdata)
    OSTaskSwHookEn                           0x08004f0e   Data           2  os_dbg.o(.constdata)
    OSTaskRegTblSize                         0x08004f10   Data           2  os_dbg.o(.constdata)
    OSTCBPrioTblMax                          0x08004f12   Data           2  os_dbg.o(.constdata)
    OSTCBSize                                0x08004f14   Data           2  os_dbg.o(.constdata)
    OSTicksPerSec                            0x08004f16   Data           2  os_dbg.o(.constdata)
    OSTimeTickHookEn                         0x08004f18   Data           2  os_dbg.o(.constdata)
    OSVersionNbr                             0x08004f1a   Data           2  os_dbg.o(.constdata)
    OSTmrEn                                  0x08004f1c   Data           2  os_dbg.o(.constdata)
    OSTmrCfgMax                              0x08004f1e   Data           2  os_dbg.o(.constdata)
    OSTmrCfgNameEn                           0x08004f20   Data           2  os_dbg.o(.constdata)
    OSTmrCfgWheelSize                        0x08004f22   Data           2  os_dbg.o(.constdata)
    OSTmrCfgTicksPerSec                      0x08004f24   Data           2  os_dbg.o(.constdata)
    OSTmrSize                                0x08004f26   Data           2  os_dbg.o(.constdata)
    OSTmrTblSize                             0x08004f28   Data           2  os_dbg.o(.constdata)
    OSTmrWheelSize                           0x08004f2a   Data           2  os_dbg.o(.constdata)
    OSTmrWheelTblSize                        0x08004f2c   Data           2  os_dbg.o(.constdata)
    OSDataSize                               0x08004f2e   Data           2  os_dbg.o(.constdata)
    __mathlib_zero                           0x08004fd0   Data           8  qnan.o(.constdata)
    Region$$Table$$Base                      0x0800506c   Number         0  anon$$obj.o(Region$$Table)
    Region$$Table$$Limit                     0x0800508c   Number         0  anon$$obj.o(Region$$Table)
    fac_us                                   0x20000000   Data           1  sys.o(.data)
    fac_ms                                   0x20000002   Data           2  sys.o(.data)
    __stdout                                 0x20000004   Data           4  usart.o(.data)
    p_bmp180                                 0x20000008   Data           4  bmp180.o(.data)
    SystemCoreClock                          0x2000000c   Data           4  system_stm32f10x.o(.data)
    AHBPrescTable                            0x20000010   Data          16  system_stm32f10x.o(.data)
    OSCtxSwCtr                               0x20000034   Data           4  os_core.o(.data)
    OSEventFreeList                          0x20000038   Data           4  os_core.o(.data)
    OSFlagFreeList                           0x2000003c   Data           4  os_core.o(.data)
    OSCPUUsage                               0x20000040   Data           1  os_core.o(.data)
    OSIdleCtrMax                             0x20000044   Data           4  os_core.o(.data)
    OSIdleCtrRun                             0x20000048   Data           4  os_core.o(.data)
    OSStatRdy                                0x2000004c   Data           1  os_core.o(.data)
    OSIntNesting                             0x2000004d   Data           1  os_core.o(.data)
    OSLockNesting                            0x2000004e   Data           1  os_core.o(.data)
    OSPrioCur                                0x2000004f   Data           1  os_core.o(.data)
    OSPrioHighRdy                            0x20000050   Data           1  os_core.o(.data)
    OSRdyGrp                                 0x20000051   Data           1  os_core.o(.data)
    OSRdyTbl                                 0x20000052   Data           8  os_core.o(.data)
    OSRunning                                0x2000005a   Data           1  os_core.o(.data)
    OSTaskCtr                                0x2000005b   Data           1  os_core.o(.data)
    OSIdleCtr                                0x2000005c   Data           4  os_core.o(.data)
    OSTCBCur                                 0x20000060   Data           4  os_core.o(.data)
    OSTCBFreeList                            0x20000064   Data           4  os_core.o(.data)
    OSTCBHighRdy                             0x20000068   Data           4  os_core.o(.data)
    OSTCBList                                0x2000006c   Data           4  os_core.o(.data)
    OSTickStepState                          0x20000070   Data           1  os_core.o(.data)
    OSMemFreeList                            0x20000074   Data           4  os_core.o(.data)
    OSQFreeList                              0x20000078   Data           4  os_core.o(.data)
    OSTime                                   0x2000007c   Data           4  os_core.o(.data)
    START_TASK_STK                           0x20000080   Data         512  task.o(.bss)
    USART1_TASK_STK                          0x20000280   Data         512  task.o(.bss)
    BMP180_TASK_STK                          0x20000480   Data        1024  task.o(.bss)
    BMP280_TASK_STK                          0x20000880   Data        1024  task.o(.bss)
    OSEventTbl                               0x20000c80   Data         384  os_core.o(.bss)
    OSFlagTbl                                0x20000e00   Data          80  os_core.o(.bss)
    OSTaskStatStk                            0x20000e50   Data         512  os_core.o(.bss)
    OSTaskIdleStk                            0x20001050   Data         512  os_core.o(.bss)
    OSTCBPrioTbl                             0x20001250   Data         256  os_core.o(.bss)
    OSTCBTbl                                 0x20001350   Data        1936  os_core.o(.bss)
    OSMemTbl                                 0x20001ae0   Data         120  os_core.o(.bss)
    OSQTbl                                   0x20001b58   Data          96  os_core.o(.bss)
    __libspace_start                         0x20001bb8   Data          96  libspace.o(.bss)
    __temporary_stack_top$libspace           0x20001c18   Data           0  libspace.o(.bss)



==============================================================================

Memory Map of the image

  Image Entry point : 0x08000131

  Load Region LR_IROM1 (Base: 0x08000000, Size: 0x00005128, Max: 0x00080000, ABSOLUTE)

    Execution Region ER_IROM1 (Base: 0x08000000, Size: 0x000050a8, Max: 0x00080000, ABSOLUTE)

    Base Addr    Size         Type   Attr      Idx    E Section Name        Object

    0x08000000   0x00000130   Data   RO         3646    RESET               startup_stm32f10x_hd.o
    0x08000130   0x00000008   Code   RO         4517  * !!!main             c_w.l(__main.o)
    0x08000138   0x00000034   Code   RO         4839    !!!scatter          c_w.l(__scatter.o)
    0x0800016c   0x0000001a   Code   RO         4841    !!handler_copy      c_w.l(__scatter_copy.o)
    0x08000186   0x00000002   PAD
    0x08000188   0x0000001c   Code   RO         4843    !!handler_zi        c_w.l(__scatter_zi.o)
    0x080001a4   0x00000000   Code   RO         4512    .ARM.Collect$$_printf_percent$$00000000  c_w.l(_printf_percent.o)
    0x080001a4   0x00000006   Code   RO         4511    .ARM.Collect$$_printf_percent$$00000003  c_w.l(_printf_f.o)
    0x080001aa   0x00000006   Code   RO         4510    .ARM.Collect$$_printf_percent$$00000009  c_w.l(_printf_d.o)
    0x080001b0   0x00000004   Code   RO         4572    .ARM.Collect$$_printf_percent$$00000017  c_w.l(_printf_percent_end.o)
    0x080001b4   0x00000002   Code   RO         4708    .ARM.Collect$$libinit$$00000000  c_w.l(libinit.o)
    0x080001b6   0x00000000   Code   RO         4710    .ARM.Collect$$libinit$$00000002  c_w.l(libinit2.o)
    0x080001b6   0x00000000   Code   RO         4712    .ARM.Collect$$libinit$$00000004  c_w.l(libinit2.o)
    0x080001b6   0x00000000   Code   RO         4715    .ARM.Collect$$libinit$$0000000A  c_w.l(libinit2.o)
    0x080001b6   0x00000000   Code   RO         4717    .ARM.Collect$$libinit$$0000000C  c_w.l(libinit2.o)
    0x080001b6   0x00000000   Code   RO         4719    .ARM.Collect$$libinit$$0000000E  c_w.l(libinit2.o)
    0x080001b6   0x00000006   Code   RO         4720    .ARM.Collect$$libinit$$0000000F  c_w.l(libinit2.o)
    0x080001bc   0x00000000   Code   RO         4722    .ARM.Collect$$libinit$$00000011  c_w.l(libinit2.o)
    0x080001bc   0x00000000   Code   RO         4724    .ARM.Collect$$libinit$$00000013  c_w.l(libinit2.o)
    0x080001bc   0x00000000   Code   RO         4726    .ARM.Collect$$libinit$$00000015  c_w.l(libinit2.o)
    0x080001bc   0x0000000a   Code   RO         4727    .ARM.Collect$$libinit$$00000016  c_w.l(libinit2.o)
    0x080001c6   0x00000000   Code   RO         4728    .ARM.Collect$$libinit$$00000017  c_w.l(libinit2.o)
    0x080001c6   0x00000000   Code   RO         4730    .ARM.Collect$$libinit$$00000019  c_w.l(libinit2.o)
    0x080001c6   0x00000000   Code   RO         4732    .ARM.Collect$$libinit$$0000001B  c_w.l(libinit2.o)
    0x080001c6   0x00000000   Code   RO         4734    .ARM.Collect$$libinit$$0000001D  c_w.l(libinit2.o)
    0x080001c6   0x00000000   Code   RO         4736    .ARM.Collect$$libinit$$0000001F  c_w.l(libinit2.o)
    0x080001c6   0x00000000   Code   RO         4738    .ARM.Collect$$libinit$$00000021  c_w.l(libinit2.o)
    0x080001c6   0x00000000   Code   RO         4740    .ARM.Collect$$libinit$$00000023  c_w.l(libinit2.o)
    0x080001c6   0x00000000   Code   RO         4742    .ARM.Collect$$libinit$$00000025  c_w.l(libinit2.o)
    0x080001c6   0x00000000   Code   RO         4746    .ARM.Collect$$libinit$$0000002C  c_w.l(libinit2.o)
    0x080001c6   0x00000000   Code   RO         4748    .ARM.Collect$$libinit$$0000002E  c_w.l(libinit2.o)
    0x080001c6   0x00000000   Code   RO         4750    .ARM.Collect$$libinit$$00000030  c_w.l(libinit2.o)
    0x080001c6   0x00000000   Code   RO         4752    .ARM.Collect$$libinit$$00000032  c_w.l(libinit2.o)
    0x080001c6   0x00000002   Code   RO         4753    .ARM.Collect$$libinit$$00000033  c_w.l(libinit2.o)
    0x080001c8   0x00000002   Code   RO         4799    .ARM.Collect$$libshutdown$$00000000  c_w.l(libshutdown.o)
    0x080001ca   0x00000000   Code   RO         4808    .ARM.Collect$$libshutdown$$00000002  c_w.l(libshutdown2.o)
    0x080001ca   0x00000000   Code   RO         4810    .ARM.Collect$$libshutdown$$00000004  c_w.l(libshutdown2.o)
    0x080001ca   0x00000000   Code   RO         4813    .ARM.Collect$$libshutdown$$00000007  c_w.l(libshutdown2.o)
    0x080001ca   0x00000000   Code   RO         4816    .ARM.Collect$$libshutdown$$0000000A  c_w.l(libshutdown2.o)
    0x080001ca   0x00000000   Code   RO         4818    .ARM.Collect$$libshutdown$$0000000C  c_w.l(libshutdown2.o)
    0x080001ca   0x00000000   Code   RO         4821    .ARM.Collect$$libshutdown$$0000000F  c_w.l(libshutdown2.o)
    0x080001ca   0x00000002   Code   RO         4822    .ARM.Collect$$libshutdown$$00000010  c_w.l(libshutdown2.o)
    0x080001cc   0x00000000   Code   RO         4561    .ARM.Collect$$rtentry$$00000000  c_w.l(__rtentry.o)
    0x080001cc   0x00000000   Code   RO         4616    .ARM.Collect$$rtentry$$00000002  c_w.l(__rtentry2.o)
    0x080001cc   0x00000006   Code   RO         4628    .ARM.Collect$$rtentry$$00000004  c_w.l(__rtentry4.o)
    0x080001d2   0x00000000   Code   RO         4618    .ARM.Collect$$rtentry$$00000009  c_w.l(__rtentry2.o)
    0x080001d2   0x00000004   Code   RO         4619    .ARM.Collect$$rtentry$$0000000A  c_w.l(__rtentry2.o)
    0x080001d6   0x00000000   Code   RO         4621    .ARM.Collect$$rtentry$$0000000C  c_w.l(__rtentry2.o)
    0x080001d6   0x00000008   Code   RO         4622    .ARM.Collect$$rtentry$$0000000D  c_w.l(__rtentry2.o)
    0x080001de   0x00000002   Code   RO         4756    .ARM.Collect$$rtexit$$00000000  c_w.l(rtexit.o)
    0x080001e0   0x00000000   Code   RO         4769    .ARM.Collect$$rtexit$$00000002  c_w.l(rtexit2.o)
    0x080001e0   0x00000004   Code   RO         4770    .ARM.Collect$$rtexit$$00000003  c_w.l(rtexit2.o)
    0x080001e4   0x00000006   Code   RO         4771    .ARM.Collect$$rtexit$$00000004  c_w.l(rtexit2.o)
    0x080001ea   0x00000002   PAD
    0x080001ec   0x00000040   Code   RO         3647    .text               startup_stm32f10x_hd.o
    0x0800022c   0x000000a8   Code   RO         4451    .text               os_cpu_a.o
    0x080002d4   0x00000002   Code   RO         4456    .text               c_w.l(use_no_semi_2.o)
    0x080002d6   0x00000002   PAD
    0x080002d8   0x00000018   Code   RO         4462    .text               c_w.l(noretval__2printf.o)
    0x080002f0   0x00000078   Code   RO         4466    .text               c_w.l(_printf_dec.o)
    0x08000368   0x00000188   Code   RO         4506    .text               c_w.l(__printf_flags_ss_wp.o)
    0x080004f0   0x00000006   Code   RO         4515    .text               c_w.l(heapauxi.o)
    0x080004f6   0x00000002   Code   RO         4559    .text               c_w.l(use_no_semi.o)
    0x080004f8   0x00000016   Code   RO         4564    .text               c_w.l(_rserrno.o)
    0x0800050e   0x000000b2   Code   RO         4566    .text               c_w.l(_printf_intcommon.o)
    0x080005c0   0x0000041e   Code   RO         4568    .text               c_w.l(_printf_fp_dec.o)
    0x080009de   0x00000002   PAD
    0x080009e0   0x00000024   Code   RO         4570    .text               c_w.l(_printf_char_file.o)
    0x08000a04   0x00000008   Code   RO         4637    .text               c_w.l(rt_locale_intlibspace.o)
    0x08000a0c   0x00000008   Code   RO         4642    .text               c_w.l(rt_errno_addr_intlibspace.o)
    0x08000a14   0x0000008a   Code   RO         4644    .text               c_w.l(lludiv10.o)
    0x08000a9e   0x00000002   PAD
    0x08000aa0   0x00000030   Code   RO         4646    .text               c_w.l(_printf_char_common.o)
    0x08000ad0   0x00000080   Code   RO         4648    .text               c_w.l(_printf_fp_infnan.o)
    0x08000b50   0x000000e4   Code   RO         4650    .text               c_w.l(bigflt0.o)
    0x08000c34   0x00000008   Code   RO         4675    .text               c_w.l(ferror.o)
    0x08000c3c   0x00000008   Code   RO         4690    .text               c_w.l(libspace.o)
    0x08000c44   0x0000004a   Code   RO         4693    .text               c_w.l(sys_stackheap_outer.o)
    0x08000c8e   0x00000012   Code   RO         4699    .text               c_w.l(exit.o)
    0x08000ca0   0x00000080   Code   RO         4701    .text               c_w.l(strcmpv7m.o)
    0x08000d20   0x0000003e   Code   RO         4653    CL$$btod_d2e        c_w.l(btod.o)
    0x08000d5e   0x00000046   Code   RO         4655    CL$$btod_d2e_denorm_low  c_w.l(btod.o)
    0x08000da4   0x00000060   Code   RO         4654    CL$$btod_d2e_norm_op1  c_w.l(btod.o)
    0x08000e04   0x00000338   Code   RO         4663    CL$$btod_div_common  c_w.l(btod.o)
    0x0800113c   0x000000dc   Code   RO         4660    CL$$btod_e2e        c_w.l(btod.o)
    0x08001218   0x0000002a   Code   RO         4657    CL$$btod_ediv       c_w.l(btod.o)
    0x08001242   0x0000002a   Code   RO         4656    CL$$btod_emul       c_w.l(btod.o)
    0x0800126c   0x00000244   Code   RO         4662    CL$$btod_mult_common  c_w.l(btod.o)
    0x080014b0   0x0000005c   Code   RO          314    i.BMP180_GPIO_Init  i2c_bmp180.o
    0x0800150c   0x00000078   Code   RO          315    i.BMP180_I2C_bus_read  i2c_bmp180.o
    0x08001584   0x00000058   Code   RO          316    i.BMP180_I2C_bus_write  i2c_bmp180.o
    0x080015dc   0x0000000c   Code   RO          317    i.BMP180_delay_msek  i2c_bmp180.o
    0x080015e8   0x00000004   Code   RO         3581    i.BusFault_Handler  stm32f10x_it.o
    0x080015ec   0x00000002   Code   RO         3582    i.DebugMon_Handler  stm32f10x_it.o
    0x080015ee   0x00000002   PAD
    0x080015f0   0x00000044   Code   RO          204    i.Delay1ms          delay.o
    0x08001634   0x00000044   Code   RO          205    i.Delay1us          delay.o
    0x08001678   0x00000002   Code   RO         3583    i.EXTI15_10_IRQHandler  stm32f10x_it.o
    0x0800167a   0x00000116   Code   RO         1765    i.GPIO_Init         stm32f10x_gpio.o
    0x08001790   0x00000012   Code   RO         1769    i.GPIO_ReadInputDataBit  stm32f10x_gpio.o
    0x080017a2   0x00000004   Code   RO         1772    i.GPIO_ResetBits    stm32f10x_gpio.o
    0x080017a6   0x00000004   Code   RO         1773    i.GPIO_SetBits      stm32f10x_gpio.o
    0x080017aa   0x00000004   Code   RO         3584    i.HardFault_Handler  stm32f10x_it.o
    0x080017ae   0x00000002   PAD
    0x080017b0   0x00000064   Code   RO          318    i.I2C_BMP180_CPUReadData  i2c_bmp180.o
    0x08001814   0x00000054   Code   RO          319    i.I2C_BMP180_CPUSendData  i2c_bmp180.o
    0x08001868   0x00000034   Code   RO          320    i.I2C_BMP180_CPUTransAck  i2c_bmp180.o
    0x0800189c   0x00000034   Code   RO          321    i.I2C_BMP180_CPUTransNoAck  i2c_bmp180.o
    0x080018d0   0x00000054   Code   RO          322    i.I2C_BMP180_CPUWaitAck  i2c_bmp180.o
    0x08001924   0x00000040   Code   RO          323    i.I2C_BMP180_Start  i2c_bmp180.o
    0x08001964   0x00000034   Code   RO          324    i.I2C_BMP180_Stop   i2c_bmp180.o
    0x08001998   0x00000004   Code   RO         3585    i.MemManage_Handler  stm32f10x_it.o
    0x0800199c   0x00000002   Code   RO         3586    i.NMI_Handler       stm32f10x_it.o
    0x0800199e   0x00000002   PAD
    0x080019a0   0x00000014   Code   RO          615    i.NVIC_PriorityGroupConfig  misc.o
    0x080019b4   0x00000118   Code   RO         4436    i.OSDebugInit       os_dbg.o
    0x08001acc   0x00000034   Code   RO         3654    i.OSInit            os_core.o
    0x08001b00   0x00000002   Code   RO         4357    i.OSInitHookBegin   os_cpu_c.o
    0x08001b02   0x00000002   Code   RO         4358    i.OSInitHookEnd     os_cpu_c.o
    0x08001b04   0x00000048   Code   RO         3659    i.OSStart           os_core.o
    0x08001b4c   0x0000004c   Code   RO         3660    i.OSStatInit        os_core.o
    0x08001b98   0x00000002   Code   RO         4359    i.OSTCBInitHook     os_cpu_c.o
    0x08001b9a   0x00000002   PAD
    0x08001b9c   0x000000a8   Code   RO         4220    i.OSTaskCreate      os_task.o
    0x08001c44   0x000000c0   Code   RO         4221    i.OSTaskCreateExt   os_task.o
    0x08001d04   0x00000002   Code   RO         4360    i.OSTaskCreateHook  os_cpu_c.o
    0x08001d06   0x00000002   PAD
    0x08001d08   0x0000016c   Code   RO         4222    i.OSTaskDel         os_task.o
    0x08001e74   0x00000002   Code   RO         4361    i.OSTaskDelHook     os_cpu_c.o
    0x08001e76   0x00000002   PAD
    0x08001e78   0x00000078   Code   RO         4223    i.OSTaskDelReq      os_task.o
    0x08001ef0   0x00000002   Code   RO         4362    i.OSTaskIdleHook    os_cpu_c.o
    0x08001ef2   0x00000002   PAD
    0x08001ef4   0x00000084   Code   RO         4225    i.OSTaskNameSet     os_task.o
    0x08001f78   0x00000002   Code   RO         4364    i.OSTaskStatHook    os_cpu_c.o
    0x08001f7a   0x00000002   PAD
    0x08001f7c   0x000000a0   Code   RO         4230    i.OSTaskStkChk      os_task.o
    0x0800201c   0x0000009a   Code   RO         4365    i.OSTaskStkInit     os_cpu_c.o
    0x080020b6   0x00000002   PAD
    0x080020b8   0x000000bc   Code   RO         4231    i.OSTaskSuspend     os_task.o
    0x08002174   0x00000002   Code   RO         4366    i.OSTaskSwHook      os_cpu_c.o
    0x08002176   0x00000002   PAD
    0x08002178   0x00000078   Code   RO         4315    i.OSTimeDly         os_time.o
    0x080021f0   0x000000ec   Code   RO         3661    i.OSTimeTick        os_core.o
    0x080022dc   0x00000002   Code   RO         4367    i.OSTimeTickHook    os_cpu_c.o
    0x080022de   0x00000002   Code   RO         3663    i.OS_Dummy          os_core.o
    0x080022e0   0x0000002a   Code   RO         3665    i.OS_EventTaskRemove  os_core.o
    0x0800230a   0x0000003a   Code   RO         3666    i.OS_EventTaskRemoveMulti  os_core.o
    0x08002344   0x00000058   Code   RO         3872    i.OS_FlagInit       os_flag.o
    0x0800239c   0x00000024   Code   RO         3874    i.OS_FlagUnlink     os_flag.o
    0x080023c0   0x00000060   Code   RO         3670    i.OS_InitEventList  os_core.o
    0x08002420   0x00000054   Code   RO         3671    i.OS_InitMisc       os_core.o
    0x08002474   0x00000044   Code   RO         3672    i.OS_InitRdyList    os_core.o
    0x080024b8   0x00000080   Code   RO         3673    i.OS_InitTCBList    os_core.o
    0x08002538   0x00000050   Code   RO         3674    i.OS_InitTaskIdle   os_core.o
    0x08002588   0x00000050   Code   RO         3675    i.OS_InitTaskStat   os_core.o
    0x080025d8   0x00000012   Code   RO         3676    i.OS_MemClr         os_core.o
    0x080025ea   0x00000002   PAD
    0x080025ec   0x00000058   Code   RO         4004    i.OS_MemInit        os_mem.o
    0x08002644   0x00000050   Code   RO         4103    i.OS_QInit          os_q.o
    0x08002694   0x00000074   Code   RO         3678    i.OS_Sched          os_core.o
    0x08002708   0x0000002c   Code   RO         3679    i.OS_SchedNew       os_core.o
    0x08002734   0x00000134   Code   RO         3681    i.OS_TCBInit        os_core.o
    0x08002868   0x00000028   Code   RO         3682    i.OS_TaskIdle       os_core.o
    0x08002890   0x00000088   Code   RO         3683    i.OS_TaskStat       os_core.o
    0x08002918   0x0000003c   Code   RO         3684    i.OS_TaskStatStkChk  os_core.o
    0x08002954   0x0000001a   Code   RO         4233    i.OS_TaskStkClr     os_task.o
    0x0800296e   0x00000002   PAD
    0x08002970   0x00000020   Code   RO         2183    i.RCC_APB2PeriphClockCmd  stm32f10x_rcc.o
    0x08002990   0x000000d4   Code   RO         2191    i.RCC_GetClocksFreq  stm32f10x_rcc.o
    0x08002a64   0x00000002   Code   RO         3587    i.SVC_Handler       stm32f10x_it.o
    0x08002a66   0x00000008   Code   RO          580    i.SetSysClock       system_stm32f10x.o
    0x08002a6e   0x00000002   PAD
    0x08002a70   0x000000e0   Code   RO          581    i.SetSysClockTo72   system_stm32f10x.o
    0x08002b50   0x00000008   Code   RO         3588    i.SysTick_Handler   stm32f10x_it.o
    0x08002b58   0x00000060   Code   RO          583    i.SystemInit        system_stm32f10x.o
    0x08002bb8   0x00000048   Code   RO          223    i.Systick_Init      sys.o
    0x08002c00   0x00000090   Code   RO          238    i.USART1_Configuration  usart.o
    0x08002c90   0x00000018   Code   RO         3351    i.USART_Cmd         stm32f10x_usart.o
    0x08002ca8   0x0000001a   Code   RO         3354    i.USART_GetFlagStatus  stm32f10x_usart.o
    0x08002cc2   0x00000002   PAD
    0x08002cc4   0x000000d8   Code   RO         3358    i.USART_Init        stm32f10x_usart.o
    0x08002d9c   0x00000008   Code   RO         3368    i.USART_SendData    stm32f10x_usart.o
    0x08002da4   0x00000004   Code   RO         3589    i.UsageFault_Handler  stm32f10x_it.o
    0x08002da8   0x00000028   Code   RO         4602    i.__ARM_fpclassify  m_ws.l(fpclassify.o)
    0x08002dd0   0x000000aa   Code   RO         4604    i.__kernel_poly     m_ws.l(poly.o)
    0x08002e7a   0x00000002   PAD
    0x08002e7c   0x00000010   Code   RO         4588    i.__mathlib_dbl_divzero  m_ws.l(dunder.o)
    0x08002e8c   0x00000004   Code   RO         4590    i.__mathlib_dbl_infnan2  m_ws.l(dunder.o)
    0x08002e90   0x0000000c   Code   RO         4591    i.__mathlib_dbl_invalid  m_ws.l(dunder.o)
    0x08002e9c   0x0000000e   Code   RO         4592    i.__mathlib_dbl_overflow  m_ws.l(dunder.o)
    0x08002eaa   0x00000002   PAD
    0x08002eac   0x00000010   Code   RO         4594    i.__mathlib_dbl_underflow  m_ws.l(dunder.o)
    0x08002ebc   0x0000000e   Code   RO         4499    i._is_digit         c_w.l(__printf_wp.o)
    0x08002eca   0x00000004   Code   RO          239    i._sys_exit         usart.o
    0x08002ece   0x00000002   PAD
    0x08002ed0   0x000000fc   Code   RO          269    i.bmp180_get_cal_param  bmp180.o
    0x08002fcc   0x00000128   Code   RO          270    i.bmp180_get_pressure  bmp180.o
    0x080030f4   0x00000054   Code   RO          271    i.bmp180_get_temperature  bmp180.o
    0x08003148   0x00000164   Code   RO          272    i.bmp180_get_up     bmp180.o
    0x080032ac   0x00000060   Code   RO          273    i.bmp180_get_ut     bmp180.o
    0x0800330c   0x000000a0   Code   RO          274    i.bmp180_init       bmp180.o
    0x080033ac   0x00000154   Code   RO          168    i.bmp180_task       task.o
    0x08003500   0x00000024   Code   RO          240    i.fputc             usart.o
    0x08003524   0x00000034   Code   RO            1    i.main              main.o
    0x08003558   0x000009d8   Code   RO         4550    i.pow               m_ws.l(pow.o)
    0x08003f30   0x0000004c   Code   RO         4608    i.sqrt              m_ws.l(sqrt.o)
    0x08003f7c   0x000000ac   Code   RO          170    i.start_task        task.o
    0x08004028   0x00000034   Code   RO          171    i.usart1_task       task.o
    0x0800405c   0x0000002c   Code   RO         4680    locale$$code        c_w.l(lc_numeric_c.o)
    0x08004088   0x00000062   Code   RO         4519    x$fpl$d2f           fz_ws.l(d2f.o)
    0x080040ea   0x00000002   PAD
    0x080040ec   0x00000150   Code   RO         4521    x$fpl$dadd          fz_ws.l(daddsub_clz.o)
    0x0800423c   0x00000010   Code   RO         4682    x$fpl$dcheck1       fz_ws.l(dcheck1.o)
    0x0800424c   0x00000018   Code   RO         4573    x$fpl$dcmpinf       fz_ws.l(dcmpi.o)
    0x08004264   0x000002b0   Code   RO         4528    x$fpl$ddiv          fz_ws.l(ddiv.o)
    0x08004514   0x0000002e   Code   RO         4538    x$fpl$dflt          fz_ws.l(dflt_clz.o)
    0x08004542   0x00000002   PAD
    0x08004544   0x00000078   Code   RO         4684    x$fpl$dleqf         fz_ws.l(dleqf.o)
    0x080045bc   0x00000154   Code   RO         4543    x$fpl$dmul          fz_ws.l(dmul.o)
    0x08004710   0x0000009c   Code   RO         4575    x$fpl$dnaninf       fz_ws.l(dnaninf.o)
    0x080047ac   0x0000000c   Code   RO         4577    x$fpl$dretinf       fz_ws.l(dretinf.o)
    0x080047b8   0x0000006c   Code   RO         4579    x$fpl$drleqf        fz_ws.l(drleqf.o)
    0x08004824   0x00000016   Code   RO         4522    x$fpl$drsb          fz_ws.l(daddsub_clz.o)
    0x0800483a   0x00000002   PAD
    0x0800483c   0x000001cc   Code   RO         4686    x$fpl$dsqrt         fz_ws.l(dsqrt_noumaal.o)
    0x08004a08   0x000001d4   Code   RO         4523    x$fpl$dsub          fz_ws.l(daddsub_clz.o)
    0x08004bdc   0x00000056   Code   RO         4545    x$fpl$f2d           fz_ws.l(f2d.o)
    0x08004c32   0x0000008c   Code   RO         4581    x$fpl$fnaninf       fz_ws.l(fnaninf.o)
    0x08004cbe   0x0000000a   Code   RO         4583    x$fpl$fretinf       fz_ws.l(fretinf.o)
    0x08004cc8   0x00000004   Code   RO         4547    x$fpl$printf1       fz_ws.l(printf1.o)
    0x08004ccc   0x00000064   Code   RO         4754    x$fpl$retnan        fz_ws.l(retnan.o)
    0x08004d30   0x0000005c   Code   RO         4585    x$fpl$scalbn        fz_ws.l(scalbn.o)
    0x08004d8c   0x00000030   Code   RO         4766    x$fpl$trapveneer    fz_ws.l(trapv.o)
    0x08004dbc   0x00000000   Code   RO         4587    x$fpl$usenofp       fz_ws.l(usenofp.o)
    0x08004dbc   0x00000100   Data   RO         3686    .constdata          os_core.o
    0x08004ebc   0x00000074   Data   RO         4437    .constdata          os_dbg.o
    0x08004f30   0x00000011   Data   RO         4507    .constdata          c_w.l(__printf_flags_ss_wp.o)
    0x08004f41   0x00000007   PAD
    0x08004f48   0x00000088   Data   RO         4551    .constdata          m_ws.l(pow.o)
    0x08004fd0   0x00000008   Data   RO         4606    .constdata          m_ws.l(qnan.o)
    0x08004fd8   0x00000094   Data   RO         4651    .constdata          c_w.l(bigflt0.o)
    0x0800506c   0x00000020   Data   RO         4837    Region$$Table       anon$$obj.o
    0x0800508c   0x0000001c   Data   RO         4679    locale$$data        c_w.l(lc_numeric_c.o)


    Execution Region RW_IRAM1 (Base: 0x20000000, Size: 0x00002a18, Max: 0x00010000, ABSOLUTE)

    Base Addr    Size         Type   Attr      Idx    E Section Name        Object

    0x20000000   0x00000004   Data   RW          224    .data               sys.o
    0x20000004   0x00000004   Data   RW          241    .data               usart.o
    0x20000008   0x00000004   Data   RW          275    .data               bmp180.o
    0x2000000c   0x00000014   Data   RW          584    .data               system_stm32f10x.o
    0x20000020   0x00000014   Data   RW         2211    .data               stm32f10x_rcc.o
    0x20000034   0x0000004c   Data   RW         3687    .data               os_core.o
    0x20000080   0x00000c00   Zero   RW          172    .bss                task.o
    0x20000c80   0x00000f38   Zero   RW         3685    .bss                os_core.o
    0x20001bb8   0x00000060   Zero   RW         4691    .bss                c_w.l(libspace.o)
    0x20001c18   0x00000200   Zero   RW         3645    HEAP                startup_stm32f10x_hd.o
    0x20001e18   0x00000c00   Zero   RW         3644    STACK               startup_stm32f10x_hd.o


==============================================================================

Image component sizes


      Code (inc. data)   RO Data    RW Data    ZI Data      Debug   Object Name

      1244         32          0          4          0       4603   bmp180.o
         0          0          0          0          0         32   core_cm3.o
       136          8          0          0          0        910   delay.o
       800         40          0          0          0       6412   i2c_bmp180.o
        52         10          0          0          0     242778   main.o
        20         10          0          0          0        475   misc.o
      1796        328        256         76       3896      19126   os_core.o
       168         36          0          0          0        312   os_cpu_a.o
       172          0          0          0          0      13310   os_cpu_c.o
       280        184        116          0          0       3334   os_dbg.o
       124         14          0          0          0       1150   os_flag.o
        88         14          0          0          0        509   os_mem.o
        80          8          0          0          0        539   os_q.o
      1350        118          0          0          0       6983   os_task.o
       120         20          0          0          0        604   os_time.o
        64         26        304          0       3584        800   startup_stm32f10x_hd.o
       304          0          0          0          0       3440   stm32f10x_gpio.o
        32          0          0          0          0       3872   stm32f10x_it.o
       244         26          0         20          0       3709   stm32f10x_rcc.o
       274          6          0          0          0       3800   stm32f10x_usart.o
        72         16          0          4          0        643   sys.o
       328         28          0         20          0       2165   system_stm32f10x.o
       564        266          0          0       3072       2442   task.o
       184         14          0          4          0       3433   usart.o

    ----------------------------------------------------------------------
      8526       1204        708        128      10552     325381   Object Totals
         0          0         32          0          0          0   (incl. Generated)
        30          0          0          0          0          0   (incl. Padding)

    ----------------------------------------------------------------------

      Code (inc. data)   RO Data    RW Data    ZI Data      Debug   Library Member Name

         8          0          0          0          0         68   __main.o
       392          4         17          0          0         92   __printf_flags_ss_wp.o
        14          0          0          0          0         68   __printf_wp.o
         0          0          0          0          0          0   __rtentry.o
        12          0          0          0          0          0   __rtentry2.o
         6          0          0          0          0          0   __rtentry4.o
        52          8          0          0          0          0   __scatter.o
        26          0          0          0          0          0   __scatter_copy.o
        28          0          0          0          0          0   __scatter_zi.o
        48          6          0          0          0         96   _printf_char_common.o
        36          4          0          0          0         80   _printf_char_file.o
         6          0          0          0          0          0   _printf_d.o
       120         16          0          0          0         92   _printf_dec.o
         6          0          0          0          0          0   _printf_f.o
      1054          0          0          0          0        216   _printf_fp_dec.o
       128         16          0          0          0         84   _printf_fp_infnan.o
       178          0          0          0          0         88   _printf_intcommon.o
         0          0          0          0          0          0   _printf_percent.o
         4          0          0          0          0          0   _printf_percent_end.o
        22          0          0          0          0        100   _rserrno.o
       228          4        148          0          0         96   bigflt0.o
      1936        128          0          0          0        672   btod.o
        18          0          0          0          0         80   exit.o
         8          0          0          0          0         68   ferror.o
         6          0          0          0          0        152   heapauxi.o
        44         10         28          0          0         76   lc_numeric_c.o
         2          0          0          0          0          0   libinit.o
        18          0          0          0          0          0   libinit2.o
         2          0          0          0          0          0   libshutdown.o
         2          0          0          0          0          0   libshutdown2.o
         8          4          0          0         96         68   libspace.o
       138          0          0          0          0         80   lludiv10.o
        24          4          0          0          0         84   noretval__2printf.o
         8          4          0          0          0         68   rt_errno_addr_intlibspace.o
         8          4          0          0          0         68   rt_locale_intlibspace.o
         2          0          0          0          0          0   rtexit.o
        10          0          0          0          0          0   rtexit2.o
       128          0          0          0          0         68   strcmpv7m.o
        74          0          0          0          0         80   sys_stackheap_outer.o
         2          0          0          0          0         68   use_no_semi.o
         2          0          0          0          0         68   use_no_semi_2.o
        98          4          0          0          0         92   d2f.o
       826         16          0          0          0        348   daddsub_clz.o
        16          4          0          0          0         68   dcheck1.o
        24          0          0          0          0         68   dcmpi.o
       688        140          0          0          0        208   ddiv.o
        46          0          0          0          0         68   dflt_clz.o
       120          4          0          0          0         92   dleqf.o
       340         12          0          0          0        104   dmul.o
       156          4          0          0          0         92   dnaninf.o
        12          0          0          0          0         68   dretinf.o
       108          0          0          0          0         80   drleqf.o
       460         56          0          0          0        120   dsqrt_noumaal.o
        86          4          0          0          0         84   f2d.o
       140          4          0          0          0         84   fnaninf.o
        10          0          0          0          0         68   fretinf.o
         4          0          0          0          0         68   printf1.o
       100          0          0          0          0         68   retnan.o
        92          0          0          0          0         68   scalbn.o
        48          0          0          0          0         68   trapv.o
         0          0          0          0          0          0   usenofp.o
        62         10          0          0          0        340   dunder.o
        40          0          0          0          0         68   fpclassify.o
       170          0          0          0          0         96   poly.o
      2520        190        136          0          0        324   pow.o
         0          0          8          0          0          0   qnan.o
        76          0          0          0          0         84   sqrt.o

    ----------------------------------------------------------------------
     11070        660        344          0         96       5608   Library Totals
        20          0          7          0          0          0   (incl. Padding)

    ----------------------------------------------------------------------

      Code (inc. data)   RO Data    RW Data    ZI Data      Debug   Library Name

      4808        212        193          0         96       2780   c_w.l
      3374        248          0          0          0       1916   fz_ws.l
      2868        200        144          0          0        912   m_ws.l

    ----------------------------------------------------------------------
     11070        660        344          0         96       5608   Library Totals

    ----------------------------------------------------------------------

==============================================================================


      Code (inc. data)   RO Data    RW Data    ZI Data      Debug   

     19596       1864       1052        128      10648     323289   Grand Totals
     19596       1864       1052        128      10648     323289   ELF Image Totals
     19596       1864       1052        128          0          0   ROM Totals

==============================================================================

    Total RO  Size (Code + RO Data)                20648 (  20.16kB)
    Total RW  Size (RW Data + ZI Data)             10776 (  10.52kB)
    Total ROM Size (Code + RO Data + RW Data)      20776 (  20.29kB)

==============================================================================

